******************************************************************************
                  MSP430 Linker PC v18.1.4                     
******************************************************************************
>> Linked Wed Nov 20 00:32:02 2019

OUTPUT FILE NAME:   <PID_MSP430.out>
ENTRY POINT SYMBOL: "_c_int00_noargs"  address: 0000ca8c


MEMORY CONFIGURATION

         name            origin    length      used     unused   attr    fill
----------------------  --------  ---------  --------  --------  ----  --------
  SFR                   00000000   00000010  00000000  00000010  RWIX
  PERIPHERALS_8BIT      00000010   000000f0  00000000  000000f0  RWIX
  PERIPHERALS_16BIT     00000100   00000100  00000000  00000100  RWIX
  RAM                   00000200   00000200  000001d0  00000030  RWIX
  INFOD                 00001000   00000040  00000000  00000040  RWIX
  INFOC                 00001040   00000040  00000000  00000040  RWIX
  INFOB                 00001080   00000040  00000000  00000040  RWIX
  INFOA                 000010c0   00000040  00000000  00000040  RWIX
  FLASH                 0000c000   00003fde  00000b7e  00003460  RWIX
  BSLSIGNATURE          0000ffde   00000002  00000002  00000000  RWIX  ffff 
  INT00                 0000ffe0   00000002  00000002  00000000  RWIX
  INT01                 0000ffe2   00000002  00000000  00000002  RWIX
  INT02                 0000ffe4   00000002  00000002  00000000  RWIX
  INT03                 0000ffe6   00000002  00000002  00000000  RWIX
  INT04                 0000ffe8   00000002  00000000  00000002  RWIX
  INT05                 0000ffea   00000002  00000002  00000000  RWIX
  INT06                 0000ffec   00000002  00000002  00000000  RWIX
  INT07                 0000ffee   00000002  00000002  00000000  RWIX
  INT08                 0000fff0   00000002  00000002  00000000  RWIX
  INT09                 0000fff2   00000002  00000002  00000000  RWIX
  INT10                 0000fff4   00000002  00000002  00000000  RWIX
  INT11                 0000fff6   00000002  00000002  00000000  RWIX
  INT12                 0000fff8   00000002  00000002  00000000  RWIX
  INT13                 0000fffa   00000002  00000002  00000000  RWIX
  INT14                 0000fffc   00000002  00000002  00000000  RWIX
  RESET                 0000fffe   00000002  00000002  00000000  RWIX


SECTION ALLOCATION MAP

 output                                  attributes/
section   page    origin      length       input sections
--------  ----  ----------  ----------   ----------------
.bss       0    00000200    00000180     UNINITIALIZED
                  00000200    0000016c     (.common:alloc)
                  0000036c    00000012     (.common:pid)
                  0000037e    00000002     (.common:pidLoopRoutine_ram)

.stack     0    000003b0    00000050     UNINITIALIZED
                  000003b0    00000002     rts430_eabi.lib : boot.c.obj (.stack)
                  000003b2    0000004e     --HOLE--

.text      0    0000c000    00000b74     
                  0000c000    00000286     rts430_eabi.lib : frcmpyd.c.obj (.text:__TI_frcmpyd)
                  0000c286    0000026e                     : mpyd.c.obj (.text:__mspabi_mpyd)
                  0000c4f4    000000f8     pidlib.obj (.text:pidLoopRoutine)
                  0000c5ec    000000a4     PID_MSP430.obj (.text:main)
                  0000c690    00000072     rts430_eabi.lib : fixdli.c.obj (.text:__mspabi_fixdli)
                  0000c702    0000006e     pidlib.obj (.text:new_PID)
                  0000c770    0000005c     rts430_eabi.lib : lsr32.asm.obj (.text:l_lsr_const)
                  0000c7cc    0000004c                     : lsr16.asm.obj (.text)
                  0000c818    00000042                     : autoinit.c.obj (.text:__TI_auto_init_nobinit_nopinit:__TI_auto_init_nobinit_nopinit)
                  0000c85a    00000042     q7lib.obj (.text:q7_sum)
                  0000c89c    0000003e     q7lib.obj (.text:double_to_q7)
                  0000c8da    0000003e     rts430_eabi.lib : asr32.asm.obj (.text:l_asr_const)
                  0000c918    0000003e                     : lsl32.asm.obj (.text:l_lsl_const)
                  0000c956    0000002c                     : asr16.asm.obj (.text)
                  0000c982    0000002c                     : lsl16.asm.obj (.text)
                  0000c9ae    0000002a     PID_MSP430.obj (.text:PWM_config)
                  0000c9d8    00000028     rts430_eabi.lib : fixdi.c.obj (.text:__mspabi_fixdi)
                  0000ca00    00000028     q7lib.obj (.text:q7_mult)
                  0000ca28    00000026     rts430_eabi.lib : mult32.asm.obj (.text)
                  0000ca4e    00000020     PID_MSP430.obj (.text:BCS_config)
                  0000ca6e    0000001e     PID_MSP430.obj (.text:TimerA1_RTI)
                  0000ca8c    0000001c     rts430_eabi.lib : boot.c.obj (.text:_c_int00_noargs)
                  0000caa8    0000001a     PID_MSP430.obj (.text:TIM_config)
                  0000cac2    00000018     pidlib.obj (.text:pidInterruptRoutine)
                  0000cada    00000016     PID_MSP430.obj (.text:ADC_config)
                  0000caf0    00000014     PID_MSP430.obj (.text:GPIO_config)
                  0000cb04    00000014     rts430_eabi.lib : copy_zero_init.c.obj (.text:decompress:ZI:__TI_zero_init_nomemset:__TI_zero_init_nomemset)
                  0000cb18    00000014                     : mult16.asm.obj (.text)
                  0000cb2c    00000012                     : lsr32.asm.obj (.text:l_lsr)
                  0000cb3e    00000012                     : memcpy.c.obj (.text:memcpy)
                  0000cb50    00000010                     : epilog.asm.obj (.text)
                  0000cb60    00000008                     : isr_trap.asm.obj (.text:_isr:__TI_ISR_TRAP)
                  0000cb68    00000006                     : exit.c.obj (.text:abort)
                  0000cb6e    00000004                     : pre_init.c.obj (.text:_system_pre_init)
                  0000cb72    00000002                     : startup.c.obj (.text:_system_post_cinit)

.cinit     0    0000cb74    0000000a     
                  0000cb74    00000004     (.cinit..bss.load) [load image, compression = zero_init]
                  0000cb78    00000002     (__TI_handler_table)
                  0000cb7a    00000004     (__TI_cinit_table)

.binit     0    0000c000    00000000     

.init_array 
*          0    0000c000    00000000     UNINITIALIZED

TRAPINT    0    0000ffe0    00000002     
                  0000ffe0    00000002     rts430_eabi.lib : int00.asm.obj (.int00)

PORT1      0    0000ffe4    00000002     
                  0000ffe4    00000002     rts430_eabi.lib : int02.asm.obj (.int02)

PORT2      0    0000ffe6    00000002     
                  0000ffe6    00000002     rts430_eabi.lib : int03.asm.obj (.int03)

ADC10      0    0000ffea    00000002     
                  0000ffea    00000002     rts430_eabi.lib : int05.asm.obj (.int05)

USCIAB0TX 
*          0    0000ffec    00000002     
                  0000ffec    00000002     rts430_eabi.lib : int06.asm.obj (.int06)

USCIAB0RX 
*          0    0000ffee    00000002     
                  0000ffee    00000002     rts430_eabi.lib : int07.asm.obj (.int07)

TIMER0_A1 
*          0    0000fff0    00000002     
                  0000fff0    00000002     rts430_eabi.lib : int08.asm.obj (.int08)

TIMER0_A0 
*          0    0000fff2    00000002     
                  0000fff2    00000002     PID_MSP430.obj (.int09)

WDT        0    0000fff4    00000002     
                  0000fff4    00000002     rts430_eabi.lib : int10.asm.obj (.int10)

COMPARATORA 
*          0    0000fff6    00000002     
                  0000fff6    00000002     rts430_eabi.lib : int11.asm.obj (.int11)

TIMER1_A1 
*          0    0000fff8    00000002     
                  0000fff8    00000002     rts430_eabi.lib : int12.asm.obj (.int12)

TIMER1_A0 
*          0    0000fffa    00000002     
                  0000fffa    00000002     rts430_eabi.lib : int13.asm.obj (.int13)

NMI        0    0000fffc    00000002     
                  0000fffc    00000002     rts430_eabi.lib : int14.asm.obj (.int14)

.reset     0    0000fffe    00000002     
                  0000fffe    00000002     rts430_eabi.lib : boot.c.obj (.reset)

$fill000   0    0000ffde    00000002     
                  0000ffde    00000002     --HOLE-- [fill = ffff]

MODULE SUMMARY

       Module                 code   ro data   rw data
       ------                 ----   -------   -------
    .\
       PID_MSP430.obj         336    2         384    
    +--+----------------------+------+---------+---------+
       Total:                 336    2         384    
                                                      
    .\pid_lib\
       pidlib.obj             382    0         0      
    +--+----------------------+------+---------+---------+
       Total:                 382    0         0      
                                                      
    .\pid_lib\qn_lib\
       q7lib.obj              168    0         0      
    +--+----------------------+------+---------+---------+
       Total:                 168    0         0      
                                                      
    C:\ti\ccsv8\tools\compiler\ti-cgt-msp430_18.1.4.LTS\lib\rts430_eabi.lib
       frcmpyd.c.obj          646    0         0      
       mpyd.c.obj             622    0         0      
       fixdli.c.obj           114    0         0      
       lsr32.asm.obj          110    0         0      
       lsr16.asm.obj          76     0         0      
       autoinit.c.obj         66     0         0      
       asr32.asm.obj          62     0         0      
       lsl32.asm.obj          62     0         0      
       asr16.asm.obj          44     0         0      
       lsl16.asm.obj          44     0         0      
       fixdi.c.obj            40     0         0      
       mult32.asm.obj         38     0         0      
       boot.c.obj             28     2         0      
       copy_zero_init.c.obj   20     0         0      
       mult16.asm.obj         20     0         0      
       memcpy.c.obj           18     0         0      
       epilog.asm.obj         16     0         0      
       isr_trap.asm.obj       8      0         0      
       exit.c.obj             6      0         0      
       pre_init.c.obj         4      0         0      
       int00.asm.obj          0      2         0      
       int02.asm.obj          0      2         0      
       int03.asm.obj          0      2         0      
       int05.asm.obj          0      2         0      
       int06.asm.obj          0      2         0      
       int07.asm.obj          0      2         0      
       int08.asm.obj          0      2         0      
       int10.asm.obj          0      2         0      
       int11.asm.obj          0      2         0      
       int12.asm.obj          0      2         0      
       int13.asm.obj          0      2         0      
       int14.asm.obj          0      2         0      
       startup.c.obj          2      0         0      
    +--+----------------------+------+---------+---------+
       Total:                 2046   26        0      
                                                      
       Stack:                 0      0         80     
       Linker Generated:      0      10        0      
    +--+----------------------+------+---------+---------+
       Grand Total:           2932   38        464    


LINKER GENERATED COPY TABLES

__TI_cinit_table @ 0000cb7a records: 1, size/record: 4, table size: 4
	.bss: load addr=0000cb74, load size=00000004 bytes, run addr=00000200, run size=00000180 bytes, compression=zero_init


LINKER GENERATED HANDLER TABLE

__TI_handler_table @ 0000cb78 records: 1, size/record: 2, table size: 2
	index: 0, handler: __TI_zero_init


GLOBAL SYMBOLS: SORTED ALPHABETICALLY BY Name 

address   name                          
-------   ----                          
0000004a  ADC10AE0                      
000001b0  ADC10CTL0                     
000001b2  ADC10CTL1                     
00000048  ADC10DTC0                     
00000049  ADC10DTC1                     
000001b4  ADC10MEM                      
000001bc  ADC10SA                       
0000cada  ADC_config                    
00000057  BCSCTL1                       
00000058  BCSCTL2                       
00000053  BCSCTL3                       
0000ca4e  BCS_config                    
0000cb68  C$$EXIT                       
00000059  CACTL1                        
0000005a  CACTL2                        
000010fb  CALBC1_12MHZ                  
000010f9  CALBC1_16MHZ                  
000010ff  CALBC1_1MHZ                   
000010fd  CALBC1_8MHZ                   
000010fa  CALDCO_12MHZ                  
000010f8  CALDCO_16MHZ                  
000010fe  CALDCO_1MHZ                   
000010fc  CALDCO_8MHZ                   
0000005b  CAPD                          
00000056  DCOCTL                        
00000128  FCTL1                         
0000012a  FCTL2                         
0000012c  FCTL3                         
0000caf0  GPIO_config                   
00000000  IE1                           
00000001  IE2                           
00000002  IFG1                          
00000003  IFG2                          
00000022  P1DIR                         
00000025  P1IE                          
00000024  P1IES                         
00000023  P1IFG                         
00000020  P1IN                          
00000021  P1OUT                         
00000027  P1REN                         
00000026  P1SEL                         
00000041  P1SEL2                        
0000002a  P2DIR                         
0000002d  P2IE                          
0000002c  P2IES                         
0000002b  P2IFG                         
00000028  P2IN                          
00000029  P2OUT                         
0000002f  P2REN                         
0000002e  P2SEL                         
00000042  P2SEL2                        
0000001a  P3DIR                         
00000018  P3IN                          
00000019  P3OUT                         
00000010  P3REN                         
0000001b  P3SEL                         
00000043  P3SEL2                        
0000c9ae  PWM_config                    
00000172  TA0CCR0                       
00000174  TA0CCR1                       
00000176  TA0CCR2                       
00000162  TA0CCTL0                      
00000164  TA0CCTL1                      
00000166  TA0CCTL2                      
00000160  TA0CTL                        
0000012e  TA0IV                         
00000170  TA0R                          
00000192  TA1CCR0                       
00000194  TA1CCR1                       
00000196  TA1CCR2                       
00000182  TA1CCTL0                      
00000184  TA1CCTL1                      
00000186  TA1CCTL2                      
00000180  TA1CTL                        
0000011e  TA1IV                         
00000190  TA1R                          
0000caa8  TIM_config                    
000010db  TLV_ADC10_1_LEN               
000010da  TLV_ADC10_1_TAG               
000010c0  TLV_CHECKSUM                  
000010f7  TLV_DCO_30_LEN                
000010f6  TLV_DCO_30_TAG                
0000ca6e  TimerA1_RTI                   
0000005d  UCA0ABCTL                     
00000062  UCA0BR0                       
00000063  UCA0BR1                       
00000060  UCA0CTL0                      
00000061  UCA0CTL1                      
0000005f  UCA0IRRCTL                    
0000005e  UCA0IRTCTL                    
00000064  UCA0MCTL                      
00000066  UCA0RXBUF                     
00000065  UCA0STAT                      
00000067  UCA0TXBUF                     
0000006a  UCB0BR0                       
0000006b  UCB0BR1                       
00000068  UCB0CTL0                      
00000069  UCB0CTL1                      
0000006c  UCB0I2CIE                     
00000118  UCB0I2COA                     
0000011a  UCB0I2CSA                     
0000006e  UCB0RXBUF                     
0000006d  UCB0STAT                      
0000006f  UCB0TXBUF                     
00000120  WDTCTL                        
00000400  __STACK_END                   
00000050  __STACK_SIZE                  
0000cb7a  __TI_CINIT_Base               
0000cb7e  __TI_CINIT_Limit              
0000cb78  __TI_Handler_Table_Base       
0000cb7a  __TI_Handler_Table_Limit      
0000cb60  __TI_ISR_TRAP                 
0000c818  __TI_auto_init_nobinit_nopinit
0000c000  __TI_frcmpyd                  
0000ffe0  __TI_int00                    
0000ffe4  __TI_int02                    
0000ffe6  __TI_int03                    
0000ffea  __TI_int05                    
0000ffec  __TI_int06                    
0000ffee  __TI_int07                    
0000fff0  __TI_int08                    
0000fff2  __TI_int09                    
0000fff4  __TI_int10                    
0000fff6  __TI_int11                    
0000fff8  __TI_int12                    
0000fffa  __TI_int13                    
0000fffc  __TI_int14                    
ffffffff  __TI_pprof_out_hndl           
ffffffff  __TI_prof_data_size           
ffffffff  __TI_prof_data_start          
0000cb04  __TI_zero_init_nomemset       
ffffffff  __c_args__                    
0000c9d8  __mspabi_fixdi                
0000c690  __mspabi_fixdli               
0000cb5c  __mspabi_func_epilog_1        
0000cb5a  __mspabi_func_epilog_2        
0000cb58  __mspabi_func_epilog_3        
0000cb56  __mspabi_func_epilog_4        
0000cb54  __mspabi_func_epilog_5        
0000cb52  __mspabi_func_epilog_6        
0000cb50  __mspabi_func_epilog_7        
0000c286  __mspabi_mpyd                 
0000cb18  __mspabi_mpyi                 
0000cb18  __mspabi_mpyi_sw              
0000ca28  __mspabi_mpyl                 
0000ca28  __mspabi_mpyl_sw              
0000c982  __mspabi_slli                 
0000c9aa  __mspabi_slli_1               
0000c998  __mspabi_slli_10              
0000c996  __mspabi_slli_11              
0000c994  __mspabi_slli_12              
0000c992  __mspabi_slli_13              
0000c990  __mspabi_slli_14              
0000c98e  __mspabi_slli_15              
0000c9a8  __mspabi_slli_2               
0000c9a6  __mspabi_slli_3               
0000c9a4  __mspabi_slli_4               
0000c9a2  __mspabi_slli_5               
0000c9a0  __mspabi_slli_6               
0000c99e  __mspabi_slli_7               
0000c99c  __mspabi_slli_8               
0000c99a  __mspabi_slli_9               
0000c950  __mspabi_slll_1               
0000c92c  __mspabi_slll_10              
0000c928  __mspabi_slll_11              
0000c924  __mspabi_slll_12              
0000c920  __mspabi_slll_13              
0000c91c  __mspabi_slll_14              
0000c918  __mspabi_slll_15              
0000c94c  __mspabi_slll_2               
0000c948  __mspabi_slll_3               
0000c944  __mspabi_slll_4               
0000c940  __mspabi_slll_5               
0000c93c  __mspabi_slll_6               
0000c938  __mspabi_slll_7               
0000c934  __mspabi_slll_8               
0000c930  __mspabi_slll_9               
0000c956  __mspabi_srai                 
0000c97e  __mspabi_srai_1               
0000c96c  __mspabi_srai_10              
0000c96a  __mspabi_srai_11              
0000c968  __mspabi_srai_12              
0000c966  __mspabi_srai_13              
0000c964  __mspabi_srai_14              
0000c962  __mspabi_srai_15              
0000c97c  __mspabi_srai_2               
0000c97a  __mspabi_srai_3               
0000c978  __mspabi_srai_4               
0000c976  __mspabi_srai_5               
0000c974  __mspabi_srai_6               
0000c972  __mspabi_srai_7               
0000c970  __mspabi_srai_8               
0000c96e  __mspabi_srai_9               
0000c912  __mspabi_sral_1               
0000c8ee  __mspabi_sral_10              
0000c8ea  __mspabi_sral_11              
0000c8e6  __mspabi_sral_12              
0000c8e2  __mspabi_sral_13              
0000c8de  __mspabi_sral_14              
0000c8da  __mspabi_sral_15              
0000c90e  __mspabi_sral_2               
0000c90a  __mspabi_sral_3               
0000c906  __mspabi_sral_4               
0000c902  __mspabi_sral_5               
0000c8fe  __mspabi_sral_6               
0000c8fa  __mspabi_sral_7               
0000c8f6  __mspabi_sral_8               
0000c8f2  __mspabi_sral_9               
0000c7cc  __mspabi_srli                 
0000c812  __mspabi_srli_1               
0000c7ee  __mspabi_srli_10              
0000c7ea  __mspabi_srli_11              
0000c7e6  __mspabi_srli_12              
0000c7e2  __mspabi_srli_13              
0000c7de  __mspabi_srli_14              
0000c7da  __mspabi_srli_15              
0000c80e  __mspabi_srli_2               
0000c80a  __mspabi_srli_3               
0000c806  __mspabi_srli_4               
0000c802  __mspabi_srli_5               
0000c7fe  __mspabi_srli_6               
0000c7fa  __mspabi_srli_7               
0000c7f6  __mspabi_srli_8               
0000c7f2  __mspabi_srli_9               
0000cb2c  __mspabi_srll                 
0000c7c4  __mspabi_srll_1               
0000c78e  __mspabi_srll_10              
0000c788  __mspabi_srll_11              
0000c782  __mspabi_srll_12              
0000c77c  __mspabi_srll_13              
0000c776  __mspabi_srll_14              
0000c770  __mspabi_srll_15              
0000c7be  __mspabi_srll_2               
0000c7b8  __mspabi_srll_3               
0000c7b2  __mspabi_srll_4               
0000c7ac  __mspabi_srll_5               
0000c7a6  __mspabi_srll_6               
0000c7a0  __mspabi_srll_7               
0000c79a  __mspabi_srll_8               
0000c794  __mspabi_srll_9               
0000ca8c  _c_int00_noargs               
0000fffe  _reset_vector                 
000003b0  _stack                        
0000cb72  _system_post_cinit            
0000cb6e  _system_pre_init              
0000cb68  abort                         
00000200  alloc                         
0000c89c  double_to_q7                  
0000c5ec  main                          
0000cb3e  memcpy                        
0000c702  new_PID                       
0000036c  pid                           
0000cac2  pidInterruptRoutine           
0000c4f4  pidLoopRoutine                
0000037e  pidLoopRoutine_ram            
0000ca00  q7_mult                       
0000c85a  q7_sum                        


GLOBAL SYMBOLS: SORTED BY Symbol Address 

address   name                          
-------   ----                          
00000000  IE1                           
00000001  IE2                           
00000002  IFG1                          
00000003  IFG2                          
00000010  P3REN                         
00000018  P3IN                          
00000019  P3OUT                         
0000001a  P3DIR                         
0000001b  P3SEL                         
00000020  P1IN                          
00000021  P1OUT                         
00000022  P1DIR                         
00000023  P1IFG                         
00000024  P1IES                         
00000025  P1IE                          
00000026  P1SEL                         
00000027  P1REN                         
00000028  P2IN                          
00000029  P2OUT                         
0000002a  P2DIR                         
0000002b  P2IFG                         
0000002c  P2IES                         
0000002d  P2IE                          
0000002e  P2SEL                         
0000002f  P2REN                         
00000041  P1SEL2                        
00000042  P2SEL2                        
00000043  P3SEL2                        
00000048  ADC10DTC0                     
00000049  ADC10DTC1                     
0000004a  ADC10AE0                      
00000050  __STACK_SIZE                  
00000053  BCSCTL3                       
00000056  DCOCTL                        
00000057  BCSCTL1                       
00000058  BCSCTL2                       
00000059  CACTL1                        
0000005a  CACTL2                        
0000005b  CAPD                          
0000005d  UCA0ABCTL                     
0000005e  UCA0IRTCTL                    
0000005f  UCA0IRRCTL                    
00000060  UCA0CTL0                      
00000061  UCA0CTL1                      
00000062  UCA0BR0                       
00000063  UCA0BR1                       
00000064  UCA0MCTL                      
00000065  UCA0STAT                      
00000066  UCA0RXBUF                     
00000067  UCA0TXBUF                     
00000068  UCB0CTL0                      
00000069  UCB0CTL1                      
0000006a  UCB0BR0                       
0000006b  UCB0BR1                       
0000006c  UCB0I2CIE                     
0000006d  UCB0STAT                      
0000006e  UCB0RXBUF                     
0000006f  UCB0TXBUF                     
00000118  UCB0I2COA                     
0000011a  UCB0I2CSA                     
0000011e  TA1IV                         
00000120  WDTCTL                        
00000128  FCTL1                         
0000012a  FCTL2                         
0000012c  FCTL3                         
0000012e  TA0IV                         
00000160  TA0CTL                        
00000162  TA0CCTL0                      
00000164  TA0CCTL1                      
00000166  TA0CCTL2                      
00000170  TA0R                          
00000172  TA0CCR0                       
00000174  TA0CCR1                       
00000176  TA0CCR2                       
00000180  TA1CTL                        
00000182  TA1CCTL0                      
00000184  TA1CCTL1                      
00000186  TA1CCTL2                      
00000190  TA1R                          
00000192  TA1CCR0                       
00000194  TA1CCR1                       
00000196  TA1CCR2                       
000001b0  ADC10CTL0                     
000001b2  ADC10CTL1                     
000001b4  ADC10MEM                      
000001bc  ADC10SA                       
00000200  alloc                         
0000036c  pid                           
0000037e  pidLoopRoutine_ram            
000003b0  _stack                        
00000400  __STACK_END                   
000010c0  TLV_CHECKSUM                  
000010da  TLV_ADC10_1_TAG               
000010db  TLV_ADC10_1_LEN               
000010f6  TLV_DCO_30_TAG                
000010f7  TLV_DCO_30_LEN                
000010f8  CALDCO_16MHZ                  
000010f9  CALBC1_16MHZ                  
000010fa  CALDCO_12MHZ                  
000010fb  CALBC1_12MHZ                  
000010fc  CALDCO_8MHZ                   
000010fd  CALBC1_8MHZ                   
000010fe  CALDCO_1MHZ                   
000010ff  CALBC1_1MHZ                   
0000c000  __TI_frcmpyd                  
0000c286  __mspabi_mpyd                 
0000c4f4  pidLoopRoutine                
0000c5ec  main                          
0000c690  __mspabi_fixdli               
0000c702  new_PID                       
0000c770  __mspabi_srll_15              
0000c776  __mspabi_srll_14              
0000c77c  __mspabi_srll_13              
0000c782  __mspabi_srll_12              
0000c788  __mspabi_srll_11              
0000c78e  __mspabi_srll_10              
0000c794  __mspabi_srll_9               
0000c79a  __mspabi_srll_8               
0000c7a0  __mspabi_srll_7               
0000c7a6  __mspabi_srll_6               
0000c7ac  __mspabi_srll_5               
0000c7b2  __mspabi_srll_4               
0000c7b8  __mspabi_srll_3               
0000c7be  __mspabi_srll_2               
0000c7c4  __mspabi_srll_1               
0000c7cc  __mspabi_srli                 
0000c7da  __mspabi_srli_15              
0000c7de  __mspabi_srli_14              
0000c7e2  __mspabi_srli_13              
0000c7e6  __mspabi_srli_12              
0000c7ea  __mspabi_srli_11              
0000c7ee  __mspabi_srli_10              
0000c7f2  __mspabi_srli_9               
0000c7f6  __mspabi_srli_8               
0000c7fa  __mspabi_srli_7               
0000c7fe  __mspabi_srli_6               
0000c802  __mspabi_srli_5               
0000c806  __mspabi_srli_4               
0000c80a  __mspabi_srli_3               
0000c80e  __mspabi_srli_2               
0000c812  __mspabi_srli_1               
0000c818  __TI_auto_init_nobinit_nopinit
0000c85a  q7_sum                        
0000c89c  double_to_q7                  
0000c8da  __mspabi_sral_15              
0000c8de  __mspabi_sral_14              
0000c8e2  __mspabi_sral_13              
0000c8e6  __mspabi_sral_12              
0000c8ea  __mspabi_sral_11              
0000c8ee  __mspabi_sral_10              
0000c8f2  __mspabi_sral_9               
0000c8f6  __mspabi_sral_8               
0000c8fa  __mspabi_sral_7               
0000c8fe  __mspabi_sral_6               
0000c902  __mspabi_sral_5               
0000c906  __mspabi_sral_4               
0000c90a  __mspabi_sral_3               
0000c90e  __mspabi_sral_2               
0000c912  __mspabi_sral_1               
0000c918  __mspabi_slll_15              
0000c91c  __mspabi_slll_14              
0000c920  __mspabi_slll_13              
0000c924  __mspabi_slll_12              
0000c928  __mspabi_slll_11              
0000c92c  __mspabi_slll_10              
0000c930  __mspabi_slll_9               
0000c934  __mspabi_slll_8               
0000c938  __mspabi_slll_7               
0000c93c  __mspabi_slll_6               
0000c940  __mspabi_slll_5               
0000c944  __mspabi_slll_4               
0000c948  __mspabi_slll_3               
0000c94c  __mspabi_slll_2               
0000c950  __mspabi_slll_1               
0000c956  __mspabi_srai                 
0000c962  __mspabi_srai_15              
0000c964  __mspabi_srai_14              
0000c966  __mspabi_srai_13              
0000c968  __mspabi_srai_12              
0000c96a  __mspabi_srai_11              
0000c96c  __mspabi_srai_10              
0000c96e  __mspabi_srai_9               
0000c970  __mspabi_srai_8               
0000c972  __mspabi_srai_7               
0000c974  __mspabi_srai_6               
0000c976  __mspabi_srai_5               
0000c978  __mspabi_srai_4               
0000c97a  __mspabi_srai_3               
0000c97c  __mspabi_srai_2               
0000c97e  __mspabi_srai_1               
0000c982  __mspabi_slli                 
0000c98e  __mspabi_slli_15              
0000c990  __mspabi_slli_14              
0000c992  __mspabi_slli_13              
0000c994  __mspabi_slli_12              
0000c996  __mspabi_slli_11              
0000c998  __mspabi_slli_10              
0000c99a  __mspabi_slli_9               
0000c99c  __mspabi_slli_8               
0000c99e  __mspabi_slli_7               
0000c9a0  __mspabi_slli_6               
0000c9a2  __mspabi_slli_5               
0000c9a4  __mspabi_slli_4               
0000c9a6  __mspabi_slli_3               
0000c9a8  __mspabi_slli_2               
0000c9aa  __mspabi_slli_1               
0000c9ae  PWM_config                    
0000c9d8  __mspabi_fixdi                
0000ca00  q7_mult                       
0000ca28  __mspabi_mpyl                 
0000ca28  __mspabi_mpyl_sw              
0000ca4e  BCS_config                    
0000ca6e  TimerA1_RTI                   
0000ca8c  _c_int00_noargs               
0000caa8  TIM_config                    
0000cac2  pidInterruptRoutine           
0000cada  ADC_config                    
0000caf0  GPIO_config                   
0000cb04  __TI_zero_init_nomemset       
0000cb18  __mspabi_mpyi                 
0000cb18  __mspabi_mpyi_sw              
0000cb2c  __mspabi_srll                 
0000cb3e  memcpy                        
0000cb50  __mspabi_func_epilog_7        
0000cb52  __mspabi_func_epilog_6        
0000cb54  __mspabi_func_epilog_5        
0000cb56  __mspabi_func_epilog_4        
0000cb58  __mspabi_func_epilog_3        
0000cb5a  __mspabi_func_epilog_2        
0000cb5c  __mspabi_func_epilog_1        
0000cb60  __TI_ISR_TRAP                 
0000cb68  C$$EXIT                       
0000cb68  abort                         
0000cb6e  _system_pre_init              
0000cb72  _system_post_cinit            
0000cb78  __TI_Handler_Table_Base       
0000cb7a  __TI_CINIT_Base               
0000cb7a  __TI_Handler_Table_Limit      
0000cb7e  __TI_CINIT_Limit              
0000ffe0  __TI_int00                    
0000ffe4  __TI_int02                    
0000ffe6  __TI_int03                    
0000ffea  __TI_int05                    
0000ffec  __TI_int06                    
0000ffee  __TI_int07                    
0000fff0  __TI_int08                    
0000fff2  __TI_int09                    
0000fff4  __TI_int10                    
0000fff6  __TI_int11                    
0000fff8  __TI_int12                    
0000fffa  __TI_int13                    
0000fffc  __TI_int14                    
0000fffe  _reset_vector                 
ffffffff  __TI_pprof_out_hndl           
ffffffff  __TI_prof_data_size           
ffffffff  __TI_prof_data_start          
ffffffff  __c_args__                    

[257 symbols]
