Archive member included to satisfy reference by file (symbol)

c:/ac6/systemworkbench/plugins/fr.ac6.mcu.externaltools.arm-none.win32_1.17.0.201812190825/tools/compiler/bin/../lib/gcc/arm-none-eabi/7.3.1/thumb/v7e-m/fpv4-sp/hard\libgcc.a(_arm_addsubdf3.o)
                              Inc/qn_lib/q15lib.o (__aeabi_i2d)
c:/ac6/systemworkbench/plugins/fr.ac6.mcu.externaltools.arm-none.win32_1.17.0.201812190825/tools/compiler/bin/../lib/gcc/arm-none-eabi/7.3.1/thumb/v7e-m/fpv4-sp/hard\libgcc.a(_arm_muldivdf3.o)
                              Inc/qn_lib/q15lib.o (__aeabi_dmul)
c:/ac6/systemworkbench/plugins/fr.ac6.mcu.externaltools.arm-none.win32_1.17.0.201812190825/tools/compiler/bin/../lib/gcc/arm-none-eabi/7.3.1/thumb/v7e-m/fpv4-sp/hard\libgcc.a(_arm_fixdfsi.o)
                              Inc/qn_lib/q15lib.o (__aeabi_d2iz)
c:/ac6/systemworkbench/plugins/fr.ac6.mcu.externaltools.arm-none.win32_1.17.0.201812190825/tools/compiler/bin/../lib/gcc/arm-none-eabi/7.3.1/thumb/v7e-m/fpv4-sp/hard\libgcc.a(_aeabi_uldivmod.o)
                              Drivers/STM32F4xx_HAL_Driver/Src/stm32f4xx_hal_rcc.o (__aeabi_uldivmod)
c:/ac6/systemworkbench/plugins/fr.ac6.mcu.externaltools.arm-none.win32_1.17.0.201812190825/tools/compiler/bin/../lib/gcc/arm-none-eabi/7.3.1/thumb/v7e-m/fpv4-sp/hard\libgcc.a(_udivmoddi4.o)
                              c:/ac6/systemworkbench/plugins/fr.ac6.mcu.externaltools.arm-none.win32_1.17.0.201812190825/tools/compiler/bin/../lib/gcc/arm-none-eabi/7.3.1/thumb/v7e-m/fpv4-sp/hard\libgcc.a(_aeabi_uldivmod.o) (__udivmoddi4)
c:/ac6/systemworkbench/plugins/fr.ac6.mcu.externaltools.arm-none.win32_1.17.0.201812190825/tools/compiler/bin/../lib/gcc/arm-none-eabi/7.3.1/thumb/v7e-m/fpv4-sp/hard\libgcc.a(_dvmd_tls.o)
                              c:/ac6/systemworkbench/plugins/fr.ac6.mcu.externaltools.arm-none.win32_1.17.0.201812190825/tools/compiler/bin/../lib/gcc/arm-none-eabi/7.3.1/thumb/v7e-m/fpv4-sp/hard\libgcc.a(_aeabi_uldivmod.o) (__aeabi_ldiv0)
c:/ac6/systemworkbench/plugins/fr.ac6.mcu.externaltools.arm-none.win32_1.17.0.201812190825/tools/compiler/bin/../lib/gcc/arm-none-eabi/7.3.1/../../../../arm-none-eabi/lib/thumb/v7e-m/fpv4-sp/hard\libc_nano.a(lib_a-exit.o)
                              c:/ac6/systemworkbench/plugins/fr.ac6.mcu.externaltools.arm-none.win32_1.17.0.201812190825/tools/compiler/bin/../lib/gcc/arm-none-eabi/7.3.1/../../../../arm-none-eabi/lib/thumb/v7e-m/fpv4-sp/hard/crt0.o (exit)
c:/ac6/systemworkbench/plugins/fr.ac6.mcu.externaltools.arm-none.win32_1.17.0.201812190825/tools/compiler/bin/../lib/gcc/arm-none-eabi/7.3.1/../../../../arm-none-eabi/lib/thumb/v7e-m/fpv4-sp/hard\libc_nano.a(lib_a-impure.o)
                              c:/ac6/systemworkbench/plugins/fr.ac6.mcu.externaltools.arm-none.win32_1.17.0.201812190825/tools/compiler/bin/../lib/gcc/arm-none-eabi/7.3.1/../../../../arm-none-eabi/lib/thumb/v7e-m/fpv4-sp/hard\libc_nano.a(lib_a-exit.o) (_global_impure_ptr)
c:/ac6/systemworkbench/plugins/fr.ac6.mcu.externaltools.arm-none.win32_1.17.0.201812190825/tools/compiler/bin/../lib/gcc/arm-none-eabi/7.3.1/../../../../arm-none-eabi/lib/thumb/v7e-m/fpv4-sp/hard\libc_nano.a(lib_a-init.o)
                              c:/ac6/systemworkbench/plugins/fr.ac6.mcu.externaltools.arm-none.win32_1.17.0.201812190825/tools/compiler/bin/../lib/gcc/arm-none-eabi/7.3.1/../../../../arm-none-eabi/lib/thumb/v7e-m/fpv4-sp/hard/crt0.o (__libc_init_array)
c:/ac6/systemworkbench/plugins/fr.ac6.mcu.externaltools.arm-none.win32_1.17.0.201812190825/tools/compiler/bin/../lib/gcc/arm-none-eabi/7.3.1/../../../../arm-none-eabi/lib/thumb/v7e-m/fpv4-sp/hard\libc_nano.a(lib_a-memset.o)
                              c:/ac6/systemworkbench/plugins/fr.ac6.mcu.externaltools.arm-none.win32_1.17.0.201812190825/tools/compiler/bin/../lib/gcc/arm-none-eabi/7.3.1/../../../../arm-none-eabi/lib/thumb/v7e-m/fpv4-sp/hard/crt0.o (memset)
c:/ac6/systemworkbench/plugins/fr.ac6.mcu.externaltools.arm-none.win32_1.17.0.201812190825/tools/compiler/bin/../lib/gcc/arm-none-eabi/7.3.1/../../../../arm-none-eabi/lib/thumb/v7e-m/fpv4-sp/hard\libnosys.a(_exit.o)
                              c:/ac6/systemworkbench/plugins/fr.ac6.mcu.externaltools.arm-none.win32_1.17.0.201812190825/tools/compiler/bin/../lib/gcc/arm-none-eabi/7.3.1/../../../../arm-none-eabi/lib/thumb/v7e-m/fpv4-sp/hard\libc_nano.a(lib_a-exit.o) (_exit)

Allocating common symbols
Common symbol       size              file

pid                 0x30              Src/main.o
hadc2               0x48              Src/main.o
uwTick              0x4               Drivers/STM32F4xx_HAL_Driver/Src/stm32f4xx_hal.o
pFlash              0x20              Drivers/STM32F4xx_HAL_Driver/Src/stm32f4xx_hal_flash.o
hadc1               0x48              Src/main.o
hdac                0x14              Src/main.o
htim1               0x3c              Src/main.o
htim2               0x3c              Src/main.o

Discarded input sections

[...]
Memory Configuration

Name             Origin             Length             Attributes
RAM              0x20000000         0x00020000         xrw
CCMRAM           0x10000000         0x00010000         rw
FLASH            0x08000000         0x00080000         xr
*default*        0x00000000         0xffffffff

Linker script and memory map

LOAD c:/ac6/systemworkbench/plugins/fr.ac6.mcu.externaltools.arm-none.win32_1.17.0.201812190825/tools/compiler/bin/../lib/gcc/arm-none-eabi/7.3.1/thumb/v7e-m/fpv4-sp/hard/crti.o
LOAD c:/ac6/systemworkbench/plugins/fr.ac6.mcu.externaltools.arm-none.win32_1.17.0.201812190825/tools/compiler/bin/../lib/gcc/arm-none-eabi/7.3.1/thumb/v7e-m/fpv4-sp/hard/crtbegin.o
LOAD c:/ac6/systemworkbench/plugins/fr.ac6.mcu.externaltools.arm-none.win32_1.17.0.201812190825/tools/compiler/bin/../lib/gcc/arm-none-eabi/7.3.1/../../../../arm-none-eabi/lib/thumb/v7e-m/fpv4-sp/hard/crt0.o
LOAD Drivers/STM32F4xx_HAL_Driver/Src/stm32f4xx_hal.o
LOAD Drivers/STM32F4xx_HAL_Driver/Src/stm32f4xx_hal_adc.o
LOAD Drivers/STM32F4xx_HAL_Driver/Src/stm32f4xx_hal_adc_ex.o
LOAD Drivers/STM32F4xx_HAL_Driver/Src/stm32f4xx_hal_cortex.o
LOAD Drivers/STM32F4xx_HAL_Driver/Src/stm32f4xx_hal_dac.o
LOAD Drivers/STM32F4xx_HAL_Driver/Src/stm32f4xx_hal_dac_ex.o
LOAD Drivers/STM32F4xx_HAL_Driver/Src/stm32f4xx_hal_dma.o
LOAD Drivers/STM32F4xx_HAL_Driver/Src/stm32f4xx_hal_dma_ex.o
LOAD Drivers/STM32F4xx_HAL_Driver/Src/stm32f4xx_hal_flash.o
LOAD Drivers/STM32F4xx_HAL_Driver/Src/stm32f4xx_hal_flash_ex.o
LOAD Drivers/STM32F4xx_HAL_Driver/Src/stm32f4xx_hal_flash_ramfunc.o
LOAD Drivers/STM32F4xx_HAL_Driver/Src/stm32f4xx_hal_gpio.o
LOAD Drivers/STM32F4xx_HAL_Driver/Src/stm32f4xx_hal_pwr.o
LOAD Drivers/STM32F4xx_HAL_Driver/Src/stm32f4xx_hal_pwr_ex.o
LOAD Drivers/STM32F4xx_HAL_Driver/Src/stm32f4xx_hal_rcc.o
LOAD Drivers/STM32F4xx_HAL_Driver/Src/stm32f4xx_hal_rcc_ex.o
LOAD Drivers/STM32F4xx_HAL_Driver/Src/stm32f4xx_hal_tim.o
LOAD Drivers/STM32F4xx_HAL_Driver/Src/stm32f4xx_hal_tim_ex.o
LOAD Inc/pid_lib/pidlib.o
LOAD Inc/qn_lib/q15lib.o
LOAD Inc/qn_lib/q31lib.o
LOAD Inc/qn_lib/q7lib.o
LOAD Src/main.o
LOAD Src/portMCU.o
LOAD Src/stm32f4xx_hal_msp.o
LOAD Src/stm32f4xx_it.o
LOAD Src/system_stm32f4xx.o
LOAD startup/startup_stm32f407xx.o
LOAD c:/ac6/systemworkbench/plugins/fr.ac6.mcu.externaltools.arm-none.win32_1.17.0.201812190825/tools/compiler/bin/../lib/gcc/arm-none-eabi/7.3.1/../../../../arm-none-eabi/lib/thumb/v7e-m/fpv4-sp/hard\libm.a
START GROUP
LOAD c:/ac6/systemworkbench/plugins/fr.ac6.mcu.externaltools.arm-none.win32_1.17.0.201812190825/tools/compiler/bin/../lib/gcc/arm-none-eabi/7.3.1/thumb/v7e-m/fpv4-sp/hard\libgcc.a
LOAD c:/ac6/systemworkbench/plugins/fr.ac6.mcu.externaltools.arm-none.win32_1.17.0.201812190825/tools/compiler/bin/../lib/gcc/arm-none-eabi/7.3.1/../../../../arm-none-eabi/lib/thumb/v7e-m/fpv4-sp/hard\libc_nano.a
END GROUP
START GROUP
LOAD c:/ac6/systemworkbench/plugins/fr.ac6.mcu.externaltools.arm-none.win32_1.17.0.201812190825/tools/compiler/bin/../lib/gcc/arm-none-eabi/7.3.1/thumb/v7e-m/fpv4-sp/hard\libgcc.a
LOAD c:/ac6/systemworkbench/plugins/fr.ac6.mcu.externaltools.arm-none.win32_1.17.0.201812190825/tools/compiler/bin/../lib/gcc/arm-none-eabi/7.3.1/../../../../arm-none-eabi/lib/thumb/v7e-m/fpv4-sp/hard\libc_nano.a
LOAD c:/ac6/systemworkbench/plugins/fr.ac6.mcu.externaltools.arm-none.win32_1.17.0.201812190825/tools/compiler/bin/../lib/gcc/arm-none-eabi/7.3.1/../../../../arm-none-eabi/lib/thumb/v7e-m/fpv4-sp/hard\libnosys.a
END GROUP
START GROUP
LOAD c:/ac6/systemworkbench/plugins/fr.ac6.mcu.externaltools.arm-none.win32_1.17.0.201812190825/tools/compiler/bin/../lib/gcc/arm-none-eabi/7.3.1/thumb/v7e-m/fpv4-sp/hard\libgcc.a
LOAD c:/ac6/systemworkbench/plugins/fr.ac6.mcu.externaltools.arm-none.win32_1.17.0.201812190825/tools/compiler/bin/../lib/gcc/arm-none-eabi/7.3.1/../../../../arm-none-eabi/lib/thumb/v7e-m/fpv4-sp/hard\libc_nano.a
LOAD c:/ac6/systemworkbench/plugins/fr.ac6.mcu.externaltools.arm-none.win32_1.17.0.201812190825/tools/compiler/bin/../lib/gcc/arm-none-eabi/7.3.1/../../../../arm-none-eabi/lib/thumb/v7e-m/fpv4-sp/hard\libnosys.a
END GROUP
LOAD c:/ac6/systemworkbench/plugins/fr.ac6.mcu.externaltools.arm-none.win32_1.17.0.201812190825/tools/compiler/bin/../lib/gcc/arm-none-eabi/7.3.1/thumb/v7e-m/fpv4-sp/hard/crtend.o
LOAD c:/ac6/systemworkbench/plugins/fr.ac6.mcu.externaltools.arm-none.win32_1.17.0.201812190825/tools/compiler/bin/../lib/gcc/arm-none-eabi/7.3.1/thumb/v7e-m/fpv4-sp/hard/crtn.o
                0x20020000                _estack = 0x20020000
                0x00000200                _Min_Heap_Size = 0x200
                0x00000400                _Min_Stack_Size = 0x400

.isr_vector     0x08000000      0x188
                0x08000000                . = ALIGN (0x4)
 *(.isr_vector)
 .isr_vector    0x08000000      0x188 startup/startup_stm32f407xx.o
                0x08000000                g_pfnVectors
                0x08000188                . = ALIGN (0x4)

.text           0x08000188     0xb220
                0x08000188                . = ALIGN (0x4)
 *(.text)
 .text          0x08000188       0x40 c:/ac6/systemworkbench/plugins/fr.ac6.mcu.externaltools.arm-none.win32_1.17.0.201812190825/tools/compiler/bin/../lib/gcc/arm-none-eabi/7.3.1/thumb/v7e-m/fpv4-sp/hard/crtbegin.o
 .text          0x080001c8      0x3c0 Drivers/STM32F4xx_HAL_Driver/Src/stm32f4xx_hal.o
                0x080001c8                HAL_Init
                0x0800020c                HAL_DeInit
                0x08000272                HAL_MspDeInit
                0x08000280                HAL_InitTick
                0x080002e0                HAL_IncTick
                0x08000308                HAL_GetTick
                0x08000320                HAL_GetTickPrio
                0x08000338                HAL_SetTickFreq
                0x08000378                HAL_GetTickFreq
                0x08000390                HAL_Delay
                0x080003d4                HAL_SuspendTick
                0x080003f4                HAL_ResumeTick
                0x08000414                HAL_GetHalVersion
                0x08000428                HAL_GetREVID
                0x08000440                HAL_GetDEVID
                0x0800045c                HAL_DBGMCU_EnableDBGSleepMode
                0x0800047c                HAL_DBGMCU_DisableDBGSleepMode
                0x0800049c                HAL_DBGMCU_EnableDBGStopMode
                0x080004bc                HAL_DBGMCU_DisableDBGStopMode
                0x080004dc                HAL_DBGMCU_EnableDBGStandbyMode
                0x080004fc                HAL_DBGMCU_DisableDBGStandbyMode
                0x0800051c                HAL_EnableCompensationCell
                0x08000534                HAL_DisableCompensationCell
                0x0800054c                HAL_GetUID
 .text          0x08000588     0x1184 Drivers/STM32F4xx_HAL_Driver/Src/stm32f4xx_hal_adc.o
                0x08000588                HAL_ADC_Init
                0x0800060e                HAL_ADC_DeInit
                0x0800069a                HAL_ADC_Start
                0x080007e4                HAL_ADC_Stop
                0x0800084a                HAL_ADC_PollForConversion
                0x0800094e                HAL_ADC_PollForEvent
                0x080009f6                HAL_ADC_Start_IT
                0x08000b54                HAL_ADC_Stop_IT
                0x08000bce                HAL_ADC_IRQHandler
                0x08000e50                HAL_ADC_Start_DMA
                0x08000ff4                HAL_ADC_Stop_DMA
                0x08001088                HAL_ADC_GetValue
                0x080010a2                HAL_ADC_ConvCpltCallback
                0x080010b6                HAL_ADC_ConvHalfCpltCallback
                0x080010ca                HAL_ADC_LevelOutOfWindowCallback
                0x080010de                HAL_ADC_ErrorCallback
                0x080010f2                HAL_ADC_ConfigChannel
                0x08001338                HAL_ADC_AnalogWDGConfig
                0x080013f8                HAL_ADC_GetState
                0x08001410                HAL_ADC_GetError
 .text          0x0800170c      0xc80 Drivers/STM32F4xx_HAL_Driver/Src/stm32f4xx_hal_adc_ex.o
                0x0800170c                HAL_ADCEx_InjectedStart
                0x08001888                HAL_ADCEx_InjectedStart_IT
                0x08001a14                HAL_ADCEx_InjectedStop
                0x08001aaa                HAL_ADCEx_InjectedPollForConversion
                0x08001b90                HAL_ADCEx_InjectedStop_IT
                0x08001c36                HAL_ADCEx_InjectedGetValue
                0x08001ca4                HAL_ADCEx_MultiModeStart_DMA
                0x08001e1c                HAL_ADCEx_MultiModeStop_DMA
                0x08001eb4                HAL_ADCEx_MultiModeGetValue
                0x08001ed4                HAL_ADCEx_InjectedConvCpltCallback
                0x08001ee8                HAL_ADCEx_InjectedConfigChannel
                0x08002210                HAL_ADCEx_MultiModeConfigChannel
 .text          0x0800238c      0x628 Drivers/STM32F4xx_HAL_Driver/Src/stm32f4xx_hal_cortex.o
                0x08002714                HAL_NVIC_SetPriorityGrouping
                0x0800272a                HAL_NVIC_SetPriority
                0x08002762                HAL_NVIC_EnableIRQ
                0x0800277e                HAL_NVIC_DisableIRQ
                0x0800279a                HAL_NVIC_SystemReset
                0x080027a6                HAL_SYSTICK_Config
                0x080027be                HAL_MPU_Disable
                0x080027ec                HAL_MPU_Enable
                0x08002828                HAL_MPU_ConfigRegion
                0x080028b0                HAL_NVIC_GetPriorityGrouping
                0x080028be                HAL_NVIC_GetPriority
                0x080028ea                HAL_NVIC_SetPendingIRQ
                0x08002906                HAL_NVIC_GetPendingIRQ
                0x08002924                HAL_NVIC_ClearPendingIRQ
                0x08002940                HAL_NVIC_GetActive
                0x0800295e                HAL_SYSTICK_CLKSourceConfig
                0x08002998                HAL_SYSTICK_IRQHandler
                0x080029a4                HAL_SYSTICK_Callback
 .text          0x080029b4      0xc88 Drivers/STM32F4xx_HAL_Driver/Src/stm32f4xx_hal_dma.o
                0x080029b4                HAL_DMA_Init
                0x08002b10                HAL_DMA_DeInit
                0x08002ba8                HAL_DMA_Start
                0x08002c1e                HAL_DMA_Start_IT
                0x08002cde                HAL_DMA_Abort
                0x08002dbe                HAL_DMA_Abort_IT
                0x08002e02                HAL_DMA_PollForTransfer
                0x08002fc0                HAL_DMA_IRQHandler
                0x080032d2                HAL_DMA_RegisterCallback
                0x0800337a                HAL_DMA_UnRegisterCallback
                0x0800344c                HAL_DMA_GetState
                0x08003468                HAL_DMA_GetError
 .text          0x0800363c      0x648 Drivers/STM32F4xx_HAL_Driver/Src/stm32f4xx_hal_gpio.o
                0x0800363c                HAL_GPIO_Init
                0x08003970                HAL_GPIO_DeInit
                0x08003b64                HAL_GPIO_ReadPin
                0x08003b94                HAL_GPIO_WritePin
                0x08003bc6                HAL_GPIO_TogglePin
                0x08003bea                HAL_GPIO_LockPin
                0x08003c3a                HAL_GPIO_EXTI_IRQHandler
                0x08003c6c                HAL_GPIO_EXTI_Callback
 .text          0x08003c84      0xae8 Drivers/STM32F4xx_HAL_Driver/Src/stm32f4xx_hal_rcc.o
                0x08003c94                HAL_RCC_OscConfig
                0x08004118                HAL_RCC_ClockConfig
                0x080042dc                HAL_RCC_MCOConfig
                0x080043ac                HAL_RCC_EnableCSS
                0x080043c4                HAL_RCC_DisableCSS
                0x080043dc                HAL_RCC_GetSysClockFreq
                0x08004540                HAL_RCC_GetHCLKFreq
                0x08004558                HAL_RCC_GetPCLK1Freq
                0x08004580                HAL_RCC_GetPCLK2Freq
                0x080045a8                HAL_RCC_GetOscConfig
                0x080046d0                HAL_RCC_GetClockConfig
                0x08004734                HAL_RCC_NMI_IRQHandler
                0x0800475c                HAL_RCC_CSSCallback
 .text          0x0800476c     0x3e7c Drivers/STM32F4xx_HAL_Driver/Src/stm32f4xx_hal_tim.o
                0x0800476c                HAL_TIM_Base_Init
                0x080047c2                HAL_TIM_Base_DeInit
                0x0800484a                HAL_TIM_Base_Start
                0x08004880                HAL_TIM_Base_Stop
                0x080048d6                HAL_TIM_Base_Start_IT
                0x0800490c                HAL_TIM_Base_Stop_IT
                0x08004962                HAL_TIM_Base_Start_DMA
                0x080049fc                HAL_TIM_Base_Stop_DMA
                0x08004a5a                HAL_TIM_OC_Init
                0x08004ab0                HAL_TIM_OC_DeInit
                0x08004b10                HAL_TIM_OC_MspInit
                0x08004b24                HAL_TIM_OC_MspDeInit
                0x08004b38                HAL_TIM_OC_Start
                0x08004ba0                HAL_TIM_OC_Stop
                0x08004c48                HAL_TIM_OC_Start_IT
                0x08004d3c                HAL_TIM_OC_Stop_IT
                0x08004e70                HAL_TIM_OC_Start_DMA
                0x08005034                HAL_TIM_OC_Stop_DMA
                0x08005170                HAL_TIM_PWM_Init
                0x080051c6                HAL_TIM_PWM_DeInit
                0x08005226                HAL_TIM_PWM_MspInit
                0x0800523a                HAL_TIM_PWM_MspDeInit
                0x0800524e                HAL_TIM_PWM_Start
                0x080052b8                HAL_TIM_PWM_Stop
                0x08005368                HAL_TIM_PWM_Start_IT
                0x0800545c                HAL_TIM_PWM_Stop_IT
                0x08005590                HAL_TIM_PWM_Start_DMA
                0x08005754                HAL_TIM_PWM_Stop_DMA
                0x08005890                HAL_TIM_IC_Init
                0x080058e6                HAL_TIM_IC_DeInit
                0x08005946                HAL_TIM_IC_MspInit
                0x0800595a                HAL_TIM_IC_MspDeInit
                0x0800596e                HAL_TIM_IC_Start
                0x080059a0                HAL_TIM_IC_Stop
                0x080059f2                HAL_TIM_IC_Start_IT
                0x08005aae                HAL_TIM_IC_Stop_IT
                0x08005b8a                HAL_TIM_IC_Start_DMA
                0x08005d1c                HAL_TIM_IC_Stop_DMA
                0x08005e02                HAL_TIM_OnePulse_Init
                0x08005e7a                HAL_TIM_OnePulse_DeInit
                0x08005eda                HAL_TIM_OnePulse_MspInit
                0x08005eee                HAL_TIM_OnePulse_MspDeInit
                0x08005f02                HAL_TIM_OnePulse_Start
                0x08005f68                HAL_TIM_OnePulse_Stop
                0x08006020                HAL_TIM_OnePulse_Start_IT
                0x080060a8                HAL_TIM_OnePulse_Stop_IT
                0x08006180                HAL_TIM_Encoder_Init
                0x080062ac                HAL_TIM_Encoder_DeInit
                0x0800630c                HAL_TIM_Encoder_MspInit
                0x08006320                HAL_TIM_Encoder_MspDeInit
                0x08006334                HAL_TIM_Encoder_Start
                0x080063a2                HAL_TIM_Encoder_Stop
                0x08006430                HAL_TIM_Encoder_Start_IT
                0x080064de                HAL_TIM_Encoder_Stop_IT
                0x080065b2                HAL_TIM_Encoder_Start_DMA
                0x0800675c                HAL_TIM_Encoder_Stop_DMA
                0x08006830                HAL_TIM_IRQHandler
                0x08006a40                HAL_TIM_OC_ConfigChannel
                0x08006b00                HAL_TIM_IC_ConfigChannel
                0x08006c38                HAL_TIM_PWM_ConfigChannel
                0x08006dc4                HAL_TIM_OnePulse_ConfigChannel
                0x08006f44                HAL_TIM_DMABurst_WriteStart
                0x08007128                HAL_TIM_DMABurst_WriteStop
                0x080071d8                HAL_TIM_DMABurst_ReadStart
                0x080073bc                HAL_TIM_DMABurst_ReadStop
                0x0800746c                HAL_TIM_GenerateEvent
                0x080074ba                HAL_TIM_ConfigOCrefClear
                0x0800760c                HAL_TIM_ConfigClockSource
                0x080077c2                HAL_TIM_ConfigTI1Input
                0x080077fe                HAL_TIM_SlaveConfigSynchronization
                0x08007868                HAL_TIM_SlaveConfigSynchronization_IT
                0x080078d2                HAL_TIM_ReadCapturedValue
                0x0800798c                HAL_TIM_OC_DelayElapsedCallback
                0x080079a0                HAL_TIM_IC_CaptureCallback
                0x080079b4                HAL_TIM_PWM_PulseFinishedCallback
                0x080079c8                HAL_TIM_TriggerCallback
                0x080079dc                HAL_TIM_ErrorCallback
                0x080079f0                HAL_TIM_Base_GetState
                0x08007a0c                HAL_TIM_OC_GetState
                0x08007a28                HAL_TIM_PWM_GetState
                0x08007a44                HAL_TIM_IC_GetState
                0x08007a60                HAL_TIM_OnePulse_GetState
                0x08007a7c                HAL_TIM_Encoder_GetState
                0x08007a98                TIM_Base_SetConfig
                0x08007bec                TIM_TI1_SetConfig
                0x08007ce4                TIM_OC2_SetConfig
                0x08007dd4                TIM_DMADelayPulseCplt
                0x08007e44                TIM_DMAError
                0x08007e68                TIM_DMACaptureCplt
                0x08007ed8                TIM_CCxChannelCmd
 .text          0x080085e8     0x14c0 Drivers/STM32F4xx_HAL_Driver/Src/stm32f4xx_hal_tim_ex.o
                0x080085e8                HAL_TIMEx_HallSensor_Init
                0x080086fe                HAL_TIMEx_HallSensor_DeInit
                0x0800875e                HAL_TIMEx_HallSensor_MspInit
                0x08008772                HAL_TIMEx_HallSensor_MspDeInit
                0x08008786                HAL_TIMEx_HallSensor_Start
                0x080087b6                HAL_TIMEx_HallSensor_Stop
                0x08008806                HAL_TIMEx_HallSensor_Start_IT
                0x08008846                HAL_TIMEx_HallSensor_Stop_IT
                0x080088a6                HAL_TIMEx_HallSensor_Start_DMA
                0x0800894c                HAL_TIMEx_HallSensor_Stop_DMA
                0x080089ac                HAL_TIMEx_OCN_Start
                0x080089ee                HAL_TIMEx_OCN_Stop
                0x08008a70                HAL_TIMEx_OCN_Start_IT
                0x08008b4e                HAL_TIMEx_OCN_Stop_IT
                0x08008c7a                HAL_TIMEx_OCN_Start_DMA
                0x08008e1c                HAL_TIMEx_OCN_Stop_DMA
                0x08008f32                HAL_TIMEx_PWMN_Start
                0x08008f74                HAL_TIMEx_PWMN_Stop
                0x08008ff6                HAL_TIMEx_PWMN_Start_IT
                0x080090d2                HAL_TIMEx_PWMN_Stop_IT
                0x080091fe                HAL_TIMEx_PWMN_Start_DMA
                0x080093a0                HAL_TIMEx_PWMN_Stop_DMA
                0x080094b6                HAL_TIMEx_OnePulseN_Start
                0x080094e8                HAL_TIMEx_OnePulseN_Stop
                0x0800956a                HAL_TIMEx_OnePulseN_Start_IT
                0x080095bc                HAL_TIMEx_OnePulseN_Stop_IT
                0x0800965e                HAL_TIMEx_ConfigCommutationEvent
                0x080096fe                HAL_TIMEx_ConfigCommutationEvent_IT
                0x080097ae                HAL_TIMEx_ConfigCommutationEvent_DMA
                0x08009878                HAL_TIMEx_MasterConfigSynchronization
                0x08009902                HAL_TIMEx_ConfigBreakDeadTime
                0x080099b4                HAL_TIMEx_RemapConfig
                0x080099fa                HAL_TIMEx_CommutationCallback
                0x08009a0e                HAL_TIMEx_BreakCallback
                0x08009a22                HAL_TIMEx_HallSensor_GetState
                0x08009a3e                TIMEx_DMACommutationCplt
 .text          0x08009aa8      0x17c Inc/pid_lib/pidlib.o
                0x08009aa8                new_PID
                0x08009b10                pidLoopRoutine
                0x08009c04                pidInterruptRoutine
 .text          0x08009c24       0xec Inc/qn_lib/q7lib.o
                0x08009c24                double_to_q7
                0x08009c58                q7_to_double
                0x08009c8c                q7_sum
                0x08009cc6                q7_mult
                0x08009cea                q7_div
 .text          0x08009d10      0x49c Src/main.o
                0x08009d10                HAL_TIM_PeriodElapsedCallback
                0x08009d34                main
                0x08009dd0                SystemClock_Config
                0x0800a19c                Error_Handler
 .text          0x0800a1ac       0xe8 Src/portMCU.o
                0x0800a1ac                setTestPin
                0x0800a1c4                resetTestPin
                0x0800a1e0                setTestPinCalc
                0x0800a1f8                resetTestPinCalc
                0x0800a214                resetTimerFlags
                0x0800a222                adcRead
                0x0800a26c                pwmWrite
 .text          0x0800a294      0x394 Src/stm32f4xx_hal_msp.o
                0x0800a294                HAL_MspInit
                0x0800a2e4                HAL_ADC_MspInit
                0x0800a3cc                HAL_ADC_MspDeInit
                0x0800a42c                HAL_DAC_MspInit
                0x0800a4b4                HAL_DAC_MspDeInit
                0x0800a4f0                HAL_TIM_Base_MspInit
                0x0800a568                HAL_TIM_MspPostInit
                0x0800a5dc                HAL_TIM_Base_MspDeInit
 .text          0x0800a628       0x70 Src/stm32f4xx_it.o
                0x0800a628                NMI_Handler
                0x0800a636                HardFault_Handler
                0x0800a63c                MemManage_Handler
                0x0800a642                BusFault_Handler
                0x0800a648                UsageFault_Handler
                0x0800a64e                SVC_Handler
                0x0800a65c                DebugMon_Handler
                0x0800a66a                PendSV_Handler
                0x0800a678                SysTick_Handler
                0x0800a684                TIM2_IRQHandler
 .text          0x0800a698      0x160 Src/system_stm32f4xx.o
                0x0800a698                SystemInit
                0x0800a704                SystemCoreClockUpdate
 .text          0x0800a7f8      0x378 c:/ac6/systemworkbench/plugins/fr.ac6.mcu.externaltools.arm-none.win32_1.17.0.201812190825/tools/compiler/bin/../lib/gcc/arm-none-eabi/7.3.1/thumb/v7e-m/fpv4-sp/hard\libgcc.a(_arm_addsubdf3.o)
                0x0800a7f8                __aeabi_drsub
                0x0800a800                __aeabi_dsub
                0x0800a800                __subdf3
                0x0800a804                __aeabi_dadd
                0x0800a804                __adddf3
                0x0800aa7c                __floatunsidf
                0x0800aa7c                __aeabi_ui2d
                0x0800aa9c                __floatsidf
                0x0800aa9c                __aeabi_i2d
                0x0800aac0                __aeabi_f2d
                0x0800aac0                __extendsfdf2
                0x0800ab04                __floatundidf
                0x0800ab04                __aeabi_ul2d
                0x0800ab14                __floatdidf
                0x0800ab14                __aeabi_l2d
 .text          0x0800ab70      0x424 c:/ac6/systemworkbench/plugins/fr.ac6.mcu.externaltools.arm-none.win32_1.17.0.201812190825/tools/compiler/bin/../lib/gcc/arm-none-eabi/7.3.1/thumb/v7e-m/fpv4-sp/hard\libgcc.a(_arm_muldivdf3.o)
                0x0800ab70                __aeabi_dmul
                0x0800ab70                __muldf3
                0x0800adc4                __divdf3
                0x0800adc4                __aeabi_ddiv
 .text          0x0800af94       0x50 c:/ac6/systemworkbench/plugins/fr.ac6.mcu.externaltools.arm-none.win32_1.17.0.201812190825/tools/compiler/bin/../lib/gcc/arm-none-eabi/7.3.1/thumb/v7e-m/fpv4-sp/hard\libgcc.a(_arm_fixdfsi.o)
                0x0800af94                __aeabi_d2iz
                0x0800af94                __fixdfsi
 .text          0x0800afe4       0x30 c:/ac6/systemworkbench/plugins/fr.ac6.mcu.externaltools.arm-none.win32_1.17.0.201812190825/tools/compiler/bin/../lib/gcc/arm-none-eabi/7.3.1/thumb/v7e-m/fpv4-sp/hard\libgcc.a(_aeabi_uldivmod.o)
                0x0800afe4                __aeabi_uldivmod
 .text          0x0800b014      0x2cc c:/ac6/systemworkbench/plugins/fr.ac6.mcu.externaltools.arm-none.win32_1.17.0.201812190825/tools/compiler/bin/../lib/gcc/arm-none-eabi/7.3.1/thumb/v7e-m/fpv4-sp/hard\libgcc.a(_udivmoddi4.o)
                0x0800b014                __udivmoddi4
 .text          0x0800b2e0        0x4 c:/ac6/systemworkbench/plugins/fr.ac6.mcu.externaltools.arm-none.win32_1.17.0.201812190825/tools/compiler/bin/../lib/gcc/arm-none-eabi/7.3.1/thumb/v7e-m/fpv4-sp/hard\libgcc.a(_dvmd_tls.o)
                0x0800b2e0                __aeabi_idiv0
                0x0800b2e0                __aeabi_ldiv0
 *(.text*)
 .text.Reset_Handler
                0x0800b2e4       0x50 startup/startup_stm32f407xx.o
                0x0800b2e4                Reset_Handler
 .text.Default_Handler
                0x0800b334        0x2 startup/startup_stm32f407xx.o
                0x0800b334                RTC_Alarm_IRQHandler
                0x0800b334                HASH_RNG_IRQHandler
                0x0800b334                EXTI2_IRQHandler
                0x0800b334                TIM8_CC_IRQHandler
                0x0800b334                TIM1_CC_IRQHandler
                0x0800b334                DMA2_Stream5_IRQHandler
                0x0800b334                DMA1_Stream5_IRQHandler
                0x0800b334                PVD_IRQHandler
                0x0800b334                SDIO_IRQHandler
                0x0800b334                TAMP_STAMP_IRQHandler
                0x0800b334                CAN2_RX1_IRQHandler
                0x0800b334                EXTI3_IRQHandler
                0x0800b334                TIM8_TRG_COM_TIM14_IRQHandler
                0x0800b334                TIM1_UP_TIM10_IRQHandler
                0x0800b334                TIM8_UP_TIM13_IRQHandler
                0x0800b334                I2C3_ER_IRQHandler
                0x0800b334                EXTI0_IRQHandler
                0x0800b334                I2C2_EV_IRQHandler
                0x0800b334                DMA1_Stream2_IRQHandler
                0x0800b334                CAN1_RX0_IRQHandler
                0x0800b334                FPU_IRQHandler
                0x0800b334                OTG_HS_WKUP_IRQHandler
                0x0800b334                CAN2_SCE_IRQHandler
                0x0800b334                DMA2_Stream2_IRQHandler
                0x0800b334                SPI1_IRQHandler
                0x0800b334                TIM6_DAC_IRQHandler
                0x0800b334                TIM1_BRK_TIM9_IRQHandler
                0x0800b334                DCMI_IRQHandler
                0x0800b334                CAN2_RX0_IRQHandler
                0x0800b334                DMA2_Stream3_IRQHandler
                0x0800b334                USART6_IRQHandler
                0x0800b334                USART3_IRQHandler
                0x0800b334                CAN1_RX1_IRQHandler
                0x0800b334                UART5_IRQHandler
                0x0800b334                DMA2_Stream0_IRQHandler
                0x0800b334                TIM4_IRQHandler
                0x0800b334                I2C1_EV_IRQHandler
                0x0800b334                DMA1_Stream6_IRQHandler
                0x0800b334                DMA1_Stream1_IRQHandler
                0x0800b334                UART4_IRQHandler
                0x0800b334                TIM3_IRQHandler
                0x0800b334                RCC_IRQHandler
                0x0800b334                TIM8_BRK_TIM12_IRQHandler
                0x0800b334                Default_Handler
                0x0800b334                EXTI15_10_IRQHandler
                0x0800b334                ADC_IRQHandler
                0x0800b334                DMA1_Stream7_IRQHandler
                0x0800b334                TIM7_IRQHandler
                0x0800b334                CAN2_TX_IRQHandler
                0x0800b334                TIM5_IRQHandler
                0x0800b334                DMA2_Stream7_IRQHandler
                0x0800b334                I2C3_EV_IRQHandler
                0x0800b334                EXTI9_5_IRQHandler
                0x0800b334                RTC_WKUP_IRQHandler
                0x0800b334                ETH_WKUP_IRQHandler
                0x0800b334                SPI2_IRQHandler
                0x0800b334                OTG_HS_EP1_IN_IRQHandler
                0x0800b334                DMA1_Stream0_IRQHandler
                0x0800b334                CAN1_TX_IRQHandler
                0x0800b334                EXTI4_IRQHandler
                0x0800b334                FSMC_IRQHandler
                0x0800b334                ETH_IRQHandler
                0x0800b334                OTG_HS_EP1_OUT_IRQHandler
                0x0800b334                WWDG_IRQHandler
                0x0800b334                OTG_FS_WKUP_IRQHandler
                0x0800b334                TIM1_TRG_COM_TIM11_IRQHandler
                0x0800b334                OTG_HS_IRQHandler
                0x0800b334                EXTI1_IRQHandler
                0x0800b334                USART2_IRQHandler
                0x0800b334                I2C2_ER_IRQHandler
                0x0800b334                DMA2_Stream1_IRQHandler
                0x0800b334                CAN1_SCE_IRQHandler
                0x0800b334                FLASH_IRQHandler
                0x0800b334                DMA2_Stream4_IRQHandler
                0x0800b334                USART1_IRQHandler
                0x0800b334                OTG_FS_IRQHandler
                0x0800b334                SPI3_IRQHandler
                0x0800b334                DMA1_Stream4_IRQHandler
                0x0800b334                I2C1_ER_IRQHandler
                0x0800b334                DMA2_Stream6_IRQHandler
                0x0800b334                DMA1_Stream3_IRQHandler
 *fill*         0x0800b336        0x2 
 .text.__libc_init_array
                0x0800b338       0x48 c:/ac6/systemworkbench/plugins/fr.ac6.mcu.externaltools.arm-none.win32_1.17.0.201812190825/tools/compiler/bin/../lib/gcc/arm-none-eabi/7.3.1/../../../../arm-none-eabi/lib/thumb/v7e-m/fpv4-sp/hard\libc_nano.a(lib_a-init.o)
                0x0800b338                __libc_init_array
 .text.memset   0x0800b380       0x10 c:/ac6/systemworkbench/plugins/fr.ac6.mcu.externaltools.arm-none.win32_1.17.0.201812190825/tools/compiler/bin/../lib/gcc/arm-none-eabi/7.3.1/../../../../arm-none-eabi/lib/thumb/v7e-m/fpv4-sp/hard\libc_nano.a(lib_a-memset.o)
                0x0800b380                memset
 *(.glue_7)
 .glue_7        0x0800b390        0x0 linker stubs
 *(.glue_7t)
 .glue_7t       0x0800b390        0x0 linker stubs
 *(.eh_frame)
 .eh_frame      0x0800b390        0x0 c:/ac6/systemworkbench/plugins/fr.ac6.mcu.externaltools.arm-none.win32_1.17.0.201812190825/tools/compiler/bin/../lib/gcc/arm-none-eabi/7.3.1/thumb/v7e-m/fpv4-sp/hard/crtbegin.o
 *(.init)
 .init          0x0800b390        0x4 c:/ac6/systemworkbench/plugins/fr.ac6.mcu.externaltools.arm-none.win32_1.17.0.201812190825/tools/compiler/bin/../lib/gcc/arm-none-eabi/7.3.1/thumb/v7e-m/fpv4-sp/hard/crti.o
                0x0800b390                _init
 .init          0x0800b394        0x8 c:/ac6/systemworkbench/plugins/fr.ac6.mcu.externaltools.arm-none.win32_1.17.0.201812190825/tools/compiler/bin/../lib/gcc/arm-none-eabi/7.3.1/thumb/v7e-m/fpv4-sp/hard/crtn.o
 *(.fini)
 .fini          0x0800b39c        0x4 c:/ac6/systemworkbench/plugins/fr.ac6.mcu.externaltools.arm-none.win32_1.17.0.201812190825/tools/compiler/bin/../lib/gcc/arm-none-eabi/7.3.1/thumb/v7e-m/fpv4-sp/hard/crti.o
                0x0800b39c                _fini
 .fini          0x0800b3a0        0x8 c:/ac6/systemworkbench/plugins/fr.ac6.mcu.externaltools.arm-none.win32_1.17.0.201812190825/tools/compiler/bin/../lib/gcc/arm-none-eabi/7.3.1/thumb/v7e-m/fpv4-sp/hard/crtn.o
                0x0800b3a8                . = ALIGN (0x4)
                0x0800b3a8                _etext = .

.vfp11_veneer   0x0800b3a8        0x0
 .vfp11_veneer  0x0800b3a8        0x0 linker stubs

.v4_bx          0x0800b3a8        0x0
 .v4_bx         0x0800b3a8        0x0 linker stubs

.iplt           0x0800b3a8        0x0
 .iplt          0x0800b3a8        0x0 c:/ac6/systemworkbench/plugins/fr.ac6.mcu.externaltools.arm-none.win32_1.17.0.201812190825/tools/compiler/bin/../lib/gcc/arm-none-eabi/7.3.1/thumb/v7e-m/fpv4-sp/hard/crtbegin.o

.rodata         0x0800b3a8       0x20
                0x0800b3a8                . = ALIGN (0x4)
 *(.rodata)
 .rodata        0x0800b3a8        0x8 Drivers/STM32F4xx_HAL_Driver/Src/stm32f4xx_hal_dma.o
 .rodata        0x0800b3b0       0x18 Src/system_stm32f4xx.o
                0x0800b3b0                AHBPrescTable
                0x0800b3c0                APBPrescTable
 *(.rodata*)
                0x0800b3c8                . = ALIGN (0x4)

.ARM.extab
 *(.ARM.extab* .gnu.linkonce.armextab.*)

.ARM            0x0800b3c8        0x8
                0x0800b3c8                __exidx_start = .
 *(.ARM.exidx*)
 .ARM.exidx     0x0800b3c8        0x8 c:/ac6/systemworkbench/plugins/fr.ac6.mcu.externaltools.arm-none.win32_1.17.0.201812190825/tools/compiler/bin/../lib/gcc/arm-none-eabi/7.3.1/thumb/v7e-m/fpv4-sp/hard\libgcc.a(_udivmoddi4.o)
                0x0800b3d0                __exidx_end = .

.rel.dyn        0x0800b3d0        0x0
 .rel.iplt      0x0800b3d0        0x0 c:/ac6/systemworkbench/plugins/fr.ac6.mcu.externaltools.arm-none.win32_1.17.0.201812190825/tools/compiler/bin/../lib/gcc/arm-none-eabi/7.3.1/thumb/v7e-m/fpv4-sp/hard/crtbegin.o

.preinit_array  0x0800b3d0        0x0
                0x0800b3d0                PROVIDE (__preinit_array_start = .)
 *(.preinit_array*)
                0x0800b3d0                PROVIDE (__preinit_array_end = .)

.init_array     0x0800b3d0        0x4
                0x0800b3d0                PROVIDE (__init_array_start = .)
 *(SORT_BY_NAME(.init_array.*))
 *(.init_array*)
 .init_array    0x0800b3d0        0x4 c:/ac6/systemworkbench/plugins/fr.ac6.mcu.externaltools.arm-none.win32_1.17.0.201812190825/tools/compiler/bin/../lib/gcc/arm-none-eabi/7.3.1/thumb/v7e-m/fpv4-sp/hard/crtbegin.o
                0x0800b3d4                PROVIDE (__init_array_end = .)

.fini_array     0x0800b3d4        0x4
                [!provide]                PROVIDE (__fini_array_start = .)
 *(SORT_BY_NAME(.fini_array.*))
 *(.fini_array*)
 .fini_array    0x0800b3d4        0x4 c:/ac6/systemworkbench/plugins/fr.ac6.mcu.externaltools.arm-none.win32_1.17.0.201812190825/tools/compiler/bin/../lib/gcc/arm-none-eabi/7.3.1/thumb/v7e-m/fpv4-sp/hard/crtbegin.o
                [!provide]                PROVIDE (__fini_array_end = .)
                0x0800b3d8                _sidata = LOADADDR (.data)

.data           0x20000000        0xc load address 0x0800b3d8
                0x20000000                . = ALIGN (0x4)
                0x20000000                _sdata = .
 *(.data)
 .data          0x20000000        0x5 Drivers/STM32F4xx_HAL_Driver/Src/stm32f4xx_hal.o
                0x20000000                uwTickPrio
                0x20000004                uwTickFreq
 *fill*         0x20000005        0x3 
 .data          0x20000008        0x4 Src/system_stm32f4xx.o
                0x20000008                SystemCoreClock
 *(.data*)
                0x2000000c                . = ALIGN (0x4)
                0x2000000c                _edata = .
                0x0800b3e4                _siccmram = LOADADDR (.ccmram)

.igot.plt       0x2000000c        0x0 load address 0x0800b3e4
 .igot.plt      0x2000000c        0x0 c:/ac6/systemworkbench/plugins/fr.ac6.mcu.externaltools.arm-none.win32_1.17.0.201812190825/tools/compiler/bin/../lib/gcc/arm-none-eabi/7.3.1/thumb/v7e-m/fpv4-sp/hard/crtbegin.o

.ccmram         0x10000000        0x0 load address 0x0800b3e4
                0x10000000                . = ALIGN (0x4)
                0x10000000                _sccmram = .
 *(.ccmram)
 *(.ccmram*)
                0x10000000                . = ALIGN (0x4)
                0x10000000                _eccmram = .
                0x10000000                . = ALIGN (0x4)

.bss            0x2000000c      0x16c
                0x2000000c                _sbss = .
                0x2000000c                __bss_start__ = _sbss
 *(.bss)
 .bss           0x2000000c       0x1c c:/ac6/systemworkbench/plugins/fr.ac6.mcu.externaltools.arm-none.win32_1.17.0.201812190825/tools/compiler/bin/../lib/gcc/arm-none-eabi/7.3.1/thumb/v7e-m/fpv4-sp/hard/crtbegin.o
 *(.bss*)
 *(COMMON)
 COMMON         0x20000028        0x4 Drivers/STM32F4xx_HAL_Driver/Src/stm32f4xx_hal.o
                0x20000028                uwTick
 COMMON         0x2000002c      0x14c Src/main.o
                0x2000002c                pid
                0x2000005c                hadc2
                0x200000a4                hadc1
                0x200000ec                hdac
                0x20000100                htim1
                0x2000013c                htim2
                0x20000178                . = ALIGN (0x4)
                0x20000178                _ebss = .
                0x20000178                __bss_end__ = _ebss

._user_heap_stack
                0x20000178      0x600
                0x20000178                . = ALIGN (0x8)
                [!provide]                PROVIDE (end = .)
                [!provide]                PROVIDE (_end = .)
                0x20000378                . = (. + _Min_Heap_Size)
 *fill*         0x20000178      0x200 
                0x20000778                . = (. + _Min_Stack_Size)
 *fill*         0x20000378      0x400 
                0x20000778                . = ALIGN (0x8)

/DISCARD/
 libc.a(*)
 libm.a(*)
 libgcc.a(*)

.ARM.attributes
                0x00000000       0x30
 *(.ARM.attributes)
 .ARM.attributes
                0x00000000       0x22 c:/ac6/systemworkbench/plugins/fr.ac6.mcu.externaltools.arm-none.win32_1.17.0.201812190825/tools/compiler/bin/../lib/gcc/arm-none-eabi/7.3.1/thumb/v7e-m/fpv4-sp/hard/crti.o
 .ARM.attributes
                0x00000022       0x34 c:/ac6/systemworkbench/plugins/fr.ac6.mcu.externaltools.arm-none.win32_1.17.0.201812190825/tools/compiler/bin/../lib/gcc/arm-none-eabi/7.3.1/thumb/v7e-m/fpv4-sp/hard/crtbegin.o
 .ARM.attributes
                0x00000056       0x39 Drivers/STM32F4xx_HAL_Driver/Src/stm32f4xx_hal.o
 .ARM.attributes
                0x0000008f       0x39 Drivers/STM32F4xx_HAL_Driver/Src/stm32f4xx_hal_adc.o
 .ARM.attributes
                0x000000c8       0x39 Drivers/STM32F4xx_HAL_Driver/Src/stm32f4xx_hal_adc_ex.o
 .ARM.attributes
                0x00000101       0x39 Drivers/STM32F4xx_HAL_Driver/Src/stm32f4xx_hal_cortex.o
 .ARM.attributes
                0x0000013a       0x39 Drivers/STM32F4xx_HAL_Driver/Src/stm32f4xx_hal_dma.o
 .ARM.attributes
                0x00000173       0x39 Drivers/STM32F4xx_HAL_Driver/Src/stm32f4xx_hal_gpio.o
 .ARM.attributes
                0x000001ac       0x39 Drivers/STM32F4xx_HAL_Driver/Src/stm32f4xx_hal_rcc.o
 .ARM.attributes
                0x000001e5       0x39 Drivers/STM32F4xx_HAL_Driver/Src/stm32f4xx_hal_tim.o
 .ARM.attributes
                0x0000021e       0x39 Drivers/STM32F4xx_HAL_Driver/Src/stm32f4xx_hal_tim_ex.o
 .ARM.attributes
                0x00000257       0x39 Inc/pid_lib/pidlib.o
 .ARM.attributes
                0x00000290       0x39 Inc/qn_lib/q7lib.o
 .ARM.attributes
                0x000002c9       0x39 Src/main.o
 .ARM.attributes
                0x00000302       0x39 Src/portMCU.o
 .ARM.attributes
                0x0000033b       0x39 Src/stm32f4xx_hal_msp.o
 .ARM.attributes
                0x00000374       0x39 Src/stm32f4xx_it.o
 .ARM.attributes
                0x000003ad       0x39 Src/system_stm32f4xx.o
 .ARM.attributes
                0x000003e6       0x21 startup/startup_stm32f407xx.o
 .ARM.attributes
                0x00000407       0x22 c:/ac6/systemworkbench/plugins/fr.ac6.mcu.externaltools.arm-none.win32_1.17.0.201812190825/tools/compiler/bin/../lib/gcc/arm-none-eabi/7.3.1/thumb/v7e-m/fpv4-sp/hard\libgcc.a(_arm_addsubdf3.o)
 .ARM.attributes
                0x00000429       0x22 c:/ac6/systemworkbench/plugins/fr.ac6.mcu.externaltools.arm-none.win32_1.17.0.201812190825/tools/compiler/bin/../lib/gcc/arm-none-eabi/7.3.1/thumb/v7e-m/fpv4-sp/hard\libgcc.a(_arm_muldivdf3.o)
 .ARM.attributes
                0x0000044b       0x22 c:/ac6/systemworkbench/plugins/fr.ac6.mcu.externaltools.arm-none.win32_1.17.0.201812190825/tools/compiler/bin/../lib/gcc/arm-none-eabi/7.3.1/thumb/v7e-m/fpv4-sp/hard\libgcc.a(_arm_fixdfsi.o)
 .ARM.attributes
                0x0000046d       0x22 c:/ac6/systemworkbench/plugins/fr.ac6.mcu.externaltools.arm-none.win32_1.17.0.201812190825/tools/compiler/bin/../lib/gcc/arm-none-eabi/7.3.1/thumb/v7e-m/fpv4-sp/hard\libgcc.a(_aeabi_uldivmod.o)
 .ARM.attributes
                0x0000048f       0x34 c:/ac6/systemworkbench/plugins/fr.ac6.mcu.externaltools.arm-none.win32_1.17.0.201812190825/tools/compiler/bin/../lib/gcc/arm-none-eabi/7.3.1/thumb/v7e-m/fpv4-sp/hard\libgcc.a(_udivmoddi4.o)
 .ARM.attributes
                0x000004c3       0x22 c:/ac6/systemworkbench/plugins/fr.ac6.mcu.externaltools.arm-none.win32_1.17.0.201812190825/tools/compiler/bin/../lib/gcc/arm-none-eabi/7.3.1/thumb/v7e-m/fpv4-sp/hard\libgcc.a(_dvmd_tls.o)
 .ARM.attributes
                0x000004e5       0x34 c:/ac6/systemworkbench/plugins/fr.ac6.mcu.externaltools.arm-none.win32_1.17.0.201812190825/tools/compiler/bin/../lib/gcc/arm-none-eabi/7.3.1/../../../../arm-none-eabi/lib/thumb/v7e-m/fpv4-sp/hard\libc_nano.a(lib_a-init.o)
 .ARM.attributes
                0x00000519       0x34 c:/ac6/systemworkbench/plugins/fr.ac6.mcu.externaltools.arm-none.win32_1.17.0.201812190825/tools/compiler/bin/../lib/gcc/arm-none-eabi/7.3.1/../../../../arm-none-eabi/lib/thumb/v7e-m/fpv4-sp/hard\libc_nano.a(lib_a-memset.o)
 .ARM.attributes
                0x0000054d       0x22 c:/ac6/systemworkbench/plugins/fr.ac6.mcu.externaltools.arm-none.win32_1.17.0.201812190825/tools/compiler/bin/../lib/gcc/arm-none-eabi/7.3.1/thumb/v7e-m/fpv4-sp/hard/crtn.o
OUTPUT(PID_STM32F4.elf elf32-littlearm)

.debug_info     0x00000000    0x12a64
 .debug_info    0x00000000     0x112f Drivers/STM32F4xx_HAL_Driver/Src/stm32f4xx_hal.o
 .debug_info    0x0000112f     0x14b1 Drivers/STM32F4xx_HAL_Driver/Src/stm32f4xx_hal_adc.o
 .debug_info    0x000025e0     0x132f Drivers/STM32F4xx_HAL_Driver/Src/stm32f4xx_hal_adc_ex.o
 .debug_info    0x0000390f     0x15f1 Drivers/STM32F4xx_HAL_Driver/Src/stm32f4xx_hal_cortex.o
 .debug_info    0x00004f00     0x1136 Drivers/STM32F4xx_HAL_Driver/Src/stm32f4xx_hal_dma.o
 .debug_info    0x00006036      0xf86 Drivers/STM32F4xx_HAL_Driver/Src/stm32f4xx_hal_gpio.o
 .debug_info    0x00006fbc     0x10c6 Drivers/STM32F4xx_HAL_Driver/Src/stm32f4xx_hal_rcc.o
 .debug_info    0x00008082     0x2a0b Drivers/STM32F4xx_HAL_Driver/Src/stm32f4xx_hal_tim.o
 .debug_info    0x0000aa8d     0x17e5 Drivers/STM32F4xx_HAL_Driver/Src/stm32f4xx_hal_tim_ex.o
 .debug_info    0x0000c272      0xae2 Inc/pid_lib/pidlib.o
 .debug_info    0x0000cd54      0x163 Inc/qn_lib/q7lib.o
 .debug_info    0x0000ceb7     0x1a26 Src/main.o
 .debug_info    0x0000e8dd      0xcd7 Src/portMCU.o
 .debug_info    0x0000f5b4     0x18bd Src/stm32f4xx_hal_msp.o
 .debug_info    0x00010e71      0xead Src/stm32f4xx_it.o
 .debug_info    0x00011d1e      0xd24 Src/system_stm32f4xx.o
 .debug_info    0x00012a42       0x22 startup/startup_stm32f407xx.o

.debug_abbrev   0x00000000     0x2757
 .debug_abbrev  0x00000000      0x2bd Drivers/STM32F4xx_HAL_Driver/Src/stm32f4xx_hal.o
 .debug_abbrev  0x000002bd      0x29f Drivers/STM32F4xx_HAL_Driver/Src/stm32f4xx_hal_adc.o
 .debug_abbrev  0x0000055c      0x29a Drivers/STM32F4xx_HAL_Driver/Src/stm32f4xx_hal_adc_ex.o
 .debug_abbrev  0x000007f6      0x39f Drivers/STM32F4xx_HAL_Driver/Src/stm32f4xx_hal_cortex.o
 .debug_abbrev  0x00000b95      0x2c3 Drivers/STM32F4xx_HAL_Driver/Src/stm32f4xx_hal_dma.o
 .debug_abbrev  0x00000e58      0x289 Drivers/STM32F4xx_HAL_Driver/Src/stm32f4xx_hal_gpio.o
 .debug_abbrev  0x000010e1      0x305 Drivers/STM32F4xx_HAL_Driver/Src/stm32f4xx_hal_rcc.o
 .debug_abbrev  0x000013e6      0x2ea Drivers/STM32F4xx_HAL_Driver/Src/stm32f4xx_hal_tim.o
 .debug_abbrev  0x000016d0      0x2c7 Drivers/STM32F4xx_HAL_Driver/Src/stm32f4xx_hal_tim_ex.o
 .debug_abbrev  0x00001997      0x1eb Inc/pid_lib/pidlib.o
 .debug_abbrev  0x00001b82       0xaa Inc/qn_lib/q7lib.o
 .debug_abbrev  0x00001c2c      0x2b2 Src/main.o
 .debug_abbrev  0x00001ede      0x1e7 Src/portMCU.o
 .debug_abbrev  0x000020c5      0x278 Src/stm32f4xx_hal_msp.o
 .debug_abbrev  0x0000233d      0x203 Src/stm32f4xx_it.o
 .debug_abbrev  0x00002540      0x205 Src/system_stm32f4xx.o
 .debug_abbrev  0x00002745       0x12 startup/startup_stm32f407xx.o

.debug_aranges  0x00000000      0x228
 .debug_aranges
                0x00000000       0x20 Drivers/STM32F4xx_HAL_Driver/Src/stm32f4xx_hal.o
 .debug_aranges
                0x00000020       0x20 Drivers/STM32F4xx_HAL_Driver/Src/stm32f4xx_hal_adc.o
 .debug_aranges
                0x00000040       0x20 Drivers/STM32F4xx_HAL_Driver/Src/stm32f4xx_hal_adc_ex.o
 .debug_aranges
                0x00000060       0x20 Drivers/STM32F4xx_HAL_Driver/Src/stm32f4xx_hal_cortex.o
 .debug_aranges
                0x00000080       0x20 Drivers/STM32F4xx_HAL_Driver/Src/stm32f4xx_hal_dma.o
 .debug_aranges
                0x000000a0       0x20 Drivers/STM32F4xx_HAL_Driver/Src/stm32f4xx_hal_gpio.o
 .debug_aranges
                0x000000c0       0x20 Drivers/STM32F4xx_HAL_Driver/Src/stm32f4xx_hal_rcc.o
 .debug_aranges
                0x000000e0       0x20 Drivers/STM32F4xx_HAL_Driver/Src/stm32f4xx_hal_tim.o
 .debug_aranges
                0x00000100       0x20 Drivers/STM32F4xx_HAL_Driver/Src/stm32f4xx_hal_tim_ex.o
 .debug_aranges
                0x00000120       0x20 Inc/pid_lib/pidlib.o
 .debug_aranges
                0x00000140       0x20 Inc/qn_lib/q7lib.o
 .debug_aranges
                0x00000160       0x20 Src/main.o
 .debug_aranges
                0x00000180       0x20 Src/portMCU.o
 .debug_aranges
                0x000001a0       0x20 Src/stm32f4xx_hal_msp.o
 .debug_aranges
                0x000001c0       0x20 Src/stm32f4xx_it.o
 .debug_aranges
                0x000001e0       0x20 Src/system_stm32f4xx.o
 .debug_aranges
                0x00000200       0x28 startup/startup_stm32f407xx.o

.debug_macro    0x00000000    0x22399
 .debug_macro   0x00000000      0x39f Drivers/STM32F4xx_HAL_Driver/Src/stm32f4xx_hal.o
 .debug_macro   0x0000039f      0xa60 Drivers/STM32F4xx_HAL_Driver/Src/stm32f4xx_hal.o
 .debug_macro   0x00000dff      0x18c Drivers/STM32F4xx_HAL_Driver/Src/stm32f4xx_hal.o
 .debug_macro   0x00000f8b       0x32 Drivers/STM32F4xx_HAL_Driver/Src/stm32f4xx_hal.o
 .debug_macro   0x00000fbd       0x2f Drivers/STM32F4xx_HAL_Driver/Src/stm32f4xx_hal.o
 .debug_macro   0x00000fec       0x22 Drivers/STM32F4xx_HAL_Driver/Src/stm32f4xx_hal.o
 .debug_macro   0x0000100e       0x8e Drivers/STM32F4xx_HAL_Driver/Src/stm32f4xx_hal.o
 .debug_macro   0x0000109c       0x51 Drivers/STM32F4xx_HAL_Driver/Src/stm32f4xx_hal.o
 .debug_macro   0x000010ed       0xef Drivers/STM32F4xx_HAL_Driver/Src/stm32f4xx_hal.o
 .debug_macro   0x000011dc       0x6a Drivers/STM32F4xx_HAL_Driver/Src/stm32f4xx_hal.o
 .debug_macro   0x00001246      0x1df Drivers/STM32F4xx_HAL_Driver/Src/stm32f4xx_hal.o
 .debug_macro   0x00001425       0x35 Drivers/STM32F4xx_HAL_Driver/Src/stm32f4xx_hal.o
 .debug_macro   0x0000145a       0x50 Drivers/STM32F4xx_HAL_Driver/Src/stm32f4xx_hal.o
 .debug_macro   0x000014aa      0xe66 Drivers/STM32F4xx_HAL_Driver/Src/stm32f4xx_hal.o
 .debug_macro   0x00002310    0x15d08 Drivers/STM32F4xx_HAL_Driver/Src/stm32f4xx_hal.o
 .debug_macro   0x00018018       0x43 Drivers/STM32F4xx_HAL_Driver/Src/stm32f4xx_hal.o
 .debug_macro   0x0001805b     0x3535 Drivers/STM32F4xx_HAL_Driver/Src/stm32f4xx_hal.o
 .debug_macro   0x0001b590       0x5e Drivers/STM32F4xx_HAL_Driver/Src/stm32f4xx_hal.o
 .debug_macro   0x0001b5ee       0x18 Drivers/STM32F4xx_HAL_Driver/Src/stm32f4xx_hal.o
 .debug_macro   0x0001b606       0x35 Drivers/STM32F4xx_HAL_Driver/Src/stm32f4xx_hal.o
 .debug_macro   0x0001b63b       0x34 Drivers/STM32F4xx_HAL_Driver/Src/stm32f4xx_hal.o
 .debug_macro   0x0001b66f       0x16 Drivers/STM32F4xx_HAL_Driver/Src/stm32f4xx_hal.o
 .debug_macro   0x0001b685       0x97 Drivers/STM32F4xx_HAL_Driver/Src/stm32f4xx_hal.o
 .debug_macro   0x0001b71c      0x330 Drivers/STM32F4xx_HAL_Driver/Src/stm32f4xx_hal.o
 .debug_macro   0x0001ba4c       0xfd Drivers/STM32F4xx_HAL_Driver/Src/stm32f4xx_hal.o
 .debug_macro   0x0001bb49       0x10 Drivers/STM32F4xx_HAL_Driver/Src/stm32f4xx_hal.o
 .debug_macro   0x0001bb59       0x58 Drivers/STM32F4xx_HAL_Driver/Src/stm32f4xx_hal.o
 .debug_macro   0x0001bbb1       0x1f Drivers/STM32F4xx_HAL_Driver/Src/stm32f4xx_hal.o
 .debug_macro   0x0001bbd0       0x43 Drivers/STM32F4xx_HAL_Driver/Src/stm32f4xx_hal.o
 .debug_macro   0x0001bc13       0x20 Drivers/STM32F4xx_HAL_Driver/Src/stm32f4xx_hal.o
 .debug_macro   0x0001bc33      0x18e Drivers/STM32F4xx_HAL_Driver/Src/stm32f4xx_hal.o
 .debug_macro   0x0001bdc1       0x10 Drivers/STM32F4xx_HAL_Driver/Src/stm32f4xx_hal.o
 .debug_macro   0x0001bdd1       0x1c Drivers/STM32F4xx_HAL_Driver/Src/stm32f4xx_hal.o
 .debug_macro   0x0001bded       0x52 Drivers/STM32F4xx_HAL_Driver/Src/stm32f4xx_hal.o
 .debug_macro   0x0001be3f       0x40 Drivers/STM32F4xx_HAL_Driver/Src/stm32f4xx_hal.o
 .debug_macro   0x0001be7f       0x10 Drivers/STM32F4xx_HAL_Driver/Src/stm32f4xx_hal.o
 .debug_macro   0x0001be8f       0x40 Drivers/STM32F4xx_HAL_Driver/Src/stm32f4xx_hal.o
 .debug_macro   0x0001becf       0xd7 Drivers/STM32F4xx_HAL_Driver/Src/stm32f4xx_hal.o
 .debug_macro   0x0001bfa6       0x1c Drivers/STM32F4xx_HAL_Driver/Src/stm32f4xx_hal.o
 .debug_macro   0x0001bfc2       0x3d Drivers/STM32F4xx_HAL_Driver/Src/stm32f4xx_hal.o
 .debug_macro   0x0001bfff       0x16 Drivers/STM32F4xx_HAL_Driver/Src/stm32f4xx_hal.o
 .debug_macro   0x0001c015      0x16f Drivers/STM32F4xx_HAL_Driver/Src/stm32f4xx_hal.o
 .debug_macro   0x0001c184       0x50 Drivers/STM32F4xx_HAL_Driver/Src/stm32f4xx_hal.o
 .debug_macro   0x0001c1d4      0x96b Drivers/STM32F4xx_HAL_Driver/Src/stm32f4xx_hal.o
 .debug_macro   0x0001cb3f      0xa02 Drivers/STM32F4xx_HAL_Driver/Src/stm32f4xx_hal.o
 .debug_macro   0x0001d541      0x11e Drivers/STM32F4xx_HAL_Driver/Src/stm32f4xx_hal.o
 .debug_macro   0x0001d65f      0x13e Drivers/STM32F4xx_HAL_Driver/Src/stm32f4xx_hal.o
 .debug_macro   0x0001d79d       0x27 Drivers/STM32F4xx_HAL_Driver/Src/stm32f4xx_hal.o
 .debug_macro   0x0001d7c4      0x287 Drivers/STM32F4xx_HAL_Driver/Src/stm32f4xx_hal.o
 .debug_macro   0x0001da4b       0x5f Drivers/STM32F4xx_HAL_Driver/Src/stm32f4xx_hal.o
 .debug_macro   0x0001daaa      0x23a Drivers/STM32F4xx_HAL_Driver/Src/stm32f4xx_hal.o
 .debug_macro   0x0001dce4      0x391 Drivers/STM32F4xx_HAL_Driver/Src/stm32f4xx_hal.o
 .debug_macro   0x0001e075      0x176 Drivers/STM32F4xx_HAL_Driver/Src/stm32f4xx_hal.o
 .debug_macro   0x0001e1eb       0xf9 Drivers/STM32F4xx_HAL_Driver/Src/stm32f4xx_hal.o
 .debug_macro   0x0001e2e4       0xe6 Drivers/STM32F4xx_HAL_Driver/Src/stm32f4xx_hal.o
 .debug_macro   0x0001e3ca       0xa1 Drivers/STM32F4xx_HAL_Driver/Src/stm32f4xx_hal.o
 .debug_macro   0x0001e46b       0x3c Drivers/STM32F4xx_HAL_Driver/Src/stm32f4xx_hal.o
 .debug_macro   0x0001e4a7      0x133 Drivers/STM32F4xx_HAL_Driver/Src/stm32f4xx_hal.o
 .debug_macro   0x0001e5da      0x21e Drivers/STM32F4xx_HAL_Driver/Src/stm32f4xx_hal.o
 .debug_macro   0x0001e7f8       0x2e Drivers/STM32F4xx_HAL_Driver/Src/stm32f4xx_hal.o
 .debug_macro   0x0001e826      0x11e Drivers/STM32F4xx_HAL_Driver/Src/stm32f4xx_hal.o
 .debug_macro   0x0001e944       0x7f Drivers/STM32F4xx_HAL_Driver/Src/stm32f4xx_hal.o
 .debug_macro   0x0001e9c3       0x89 Drivers/STM32F4xx_HAL_Driver/Src/stm32f4xx_hal.o
 .debug_macro   0x0001ea4c      0x6e0 Drivers/STM32F4xx_HAL_Driver/Src/stm32f4xx_hal.o
 .debug_macro   0x0001f12c       0x59 Drivers/STM32F4xx_HAL_Driver/Src/stm32f4xx_hal.o
 .debug_macro   0x0001f185      0x14d Drivers/STM32F4xx_HAL_Driver/Src/stm32f4xx_hal.o
 .debug_macro   0x0001f2d2      0x134 Drivers/STM32F4xx_HAL_Driver/Src/stm32f4xx_hal.o
 .debug_macro   0x0001f406      0x340 Drivers/STM32F4xx_HAL_Driver/Src/stm32f4xx_hal_adc.o
 .debug_macro   0x0001f746      0x33f Drivers/STM32F4xx_HAL_Driver/Src/stm32f4xx_hal_adc_ex.o
 .debug_macro   0x0001fa85      0x33f Drivers/STM32F4xx_HAL_Driver/Src/stm32f4xx_hal_cortex.o
 .debug_macro   0x0001fdc4      0x346 Drivers/STM32F4xx_HAL_Driver/Src/stm32f4xx_hal_dma.o
 .debug_macro   0x0002010a      0x377 Drivers/STM32F4xx_HAL_Driver/Src/stm32f4xx_hal_gpio.o
 .debug_macro   0x00020481      0x363 Drivers/STM32F4xx_HAL_Driver/Src/stm32f4xx_hal_rcc.o
 .debug_macro   0x000207e4      0x33f Drivers/STM32F4xx_HAL_Driver/Src/stm32f4xx_hal_tim.o
 .debug_macro   0x00020b23      0x33f Drivers/STM32F4xx_HAL_Driver/Src/stm32f4xx_hal_tim_ex.o
 .debug_macro   0x00020e62      0x375 Inc/pid_lib/pidlib.o
 .debug_macro   0x000211d7       0x2e Inc/pid_lib/pidlib.o
 .debug_macro   0x00021205       0x1c Inc/pid_lib/pidlib.o
 .debug_macro   0x00021221       0x25 Inc/qn_lib/q7lib.o
 .debug_macro   0x00021246      0x3bc Src/main.o
 .debug_macro   0x00021602       0x16 Src/main.o
 .debug_macro   0x00021618       0x35 Src/main.o
 .debug_macro   0x0002164d      0x36b Src/portMCU.o
 .debug_macro   0x000219b8      0x349 Src/stm32f4xx_hal_msp.o
 .debug_macro   0x00021d01      0x353 Src/stm32f4xx_it.o
 .debug_macro   0x00022054      0x345 Src/system_stm32f4xx.o

.debug_line     0x00000000     0x96f6
 .debug_line    0x00000000      0x877 Drivers/STM32F4xx_HAL_Driver/Src/stm32f4xx_hal.o
 .debug_line    0x00000877      0xac1 Drivers/STM32F4xx_HAL_Driver/Src/stm32f4xx_hal_adc.o
 .debug_line    0x00001338      0xa41 Drivers/STM32F4xx_HAL_Driver/Src/stm32f4xx_hal_adc_ex.o
 .debug_line    0x00001d79      0x94c Drivers/STM32F4xx_HAL_Driver/Src/stm32f4xx_hal_cortex.o
 .debug_line    0x000026c5      0xa07 Drivers/STM32F4xx_HAL_Driver/Src/stm32f4xx_hal_dma.o
 .debug_line    0x000030cc      0x973 Drivers/STM32F4xx_HAL_Driver/Src/stm32f4xx_hal_gpio.o
 .debug_line    0x00003a3f      0x989 Drivers/STM32F4xx_HAL_Driver/Src/stm32f4xx_hal_rcc.o
 .debug_line    0x000043c8     0x1435 Drivers/STM32F4xx_HAL_Driver/Src/stm32f4xx_hal_tim.o
 .debug_line    0x000057fd      0xbbc Drivers/STM32F4xx_HAL_Driver/Src/stm32f4xx_hal_tim_ex.o
 .debug_line    0x000063b9      0x869 Inc/pid_lib/pidlib.o
 .debug_line    0x00006c22       0x79 Inc/qn_lib/q7lib.o
 .debug_line    0x00006c9b      0x92d Src/main.o
 .debug_line    0x000075c8      0x842 Src/portMCU.o
 .debug_line    0x00007e0a      0x84c Src/stm32f4xx_hal_msp.o
 .debug_line    0x00008656      0x823 Src/stm32f4xx_it.o
 .debug_line    0x00008e79      0x7fe Src/system_stm32f4xx.o
 .debug_line    0x00009677       0x7f startup/startup_stm32f407xx.o

.debug_str      0x00000000    0xc792f
 .debug_str     0x00000000    0xc4913 Drivers/STM32F4xx_HAL_Driver/Src/stm32f4xx_hal.o
                              0xc4ce7 (size before relaxing)
 .debug_str     0x000c4913      0x62d Drivers/STM32F4xx_HAL_Driver/Src/stm32f4xx_hal_adc.o
                              0xc4749 (size before relaxing)
 .debug_str     0x000c4f40      0x302 Drivers/STM32F4xx_HAL_Driver/Src/stm32f4xx_hal_adc_ex.o
                              0xc4783 (size before relaxing)
 .debug_str     0x000c5242      0x3f1 Drivers/STM32F4xx_HAL_Driver/Src/stm32f4xx_hal_cortex.o
                              0xc4a6e (size before relaxing)
 .debug_str     0x000c5633      0x31d Drivers/STM32F4xx_HAL_Driver/Src/stm32f4xx_hal_dma.o
                              0xc45d7 (size before relaxing)
 .debug_str     0x000c5950      0x287 Drivers/STM32F4xx_HAL_Driver/Src/stm32f4xx_hal_gpio.o
                              0xc4401 (size before relaxing)
 .debug_str     0x000c5bd7      0x384 Drivers/STM32F4xx_HAL_Driver/Src/stm32f4xx_hal_rcc.o
                              0xc45a4 (size before relaxing)
 .debug_str     0x000c5f5b      0xe35 Drivers/STM32F4xx_HAL_Driver/Src/stm32f4xx_hal_tim.o
                              0xc51b4 (size before relaxing)
 .debug_str     0x000c6d90      0x52a Drivers/STM32F4xx_HAL_Driver/Src/stm32f4xx_hal_tim_ex.o
                              0xc4a6f (size before relaxing)
 .debug_str     0x000c72ba      0x1cf Inc/pid_lib/pidlib.o
                              0xc41f4 (size before relaxing)
 .debug_str     0x000c7489       0x4c Inc/qn_lib/q7lib.o
                               0x2d66 (size before relaxing)
 .debug_str     0x000c74d5      0x25e Src/main.o
                              0xc4e28 (size before relaxing)
 .debug_str     0x000c7733       0x50 Src/portMCU.o
                              0xc4295 (size before relaxing)
 .debug_str     0x000c7783       0x5b Src/stm32f4xx_hal_msp.o
                              0xc4db8 (size before relaxing)
 .debug_str     0x000c77de       0xc8 Src/stm32f4xx_it.o
                              0xc44e7 (size before relaxing)
 .debug_str     0x000c78a6       0x5a Src/system_stm32f4xx.o
                              0xc41bd (size before relaxing)
 .debug_str     0x000c7900       0x2f startup/startup_stm32f407xx.o
                                 0x59 (size before relaxing)

.comment        0x00000000       0x7f
 .comment       0x00000000       0x7f Drivers/STM32F4xx_HAL_Driver/Src/stm32f4xx_hal.o
                                 0x80 (size before relaxing)
 .comment       0x0000007f       0x80 Drivers/STM32F4xx_HAL_Driver/Src/stm32f4xx_hal_adc.o
 .comment       0x0000007f       0x80 Drivers/STM32F4xx_HAL_Driver/Src/stm32f4xx_hal_adc_ex.o
 .comment       0x0000007f       0x80 Drivers/STM32F4xx_HAL_Driver/Src/stm32f4xx_hal_cortex.o
 .comment       0x0000007f       0x80 Drivers/STM32F4xx_HAL_Driver/Src/stm32f4xx_hal_dma.o
 .comment       0x0000007f       0x80 Drivers/STM32F4xx_HAL_Driver/Src/stm32f4xx_hal_gpio.o
 .comment       0x0000007f       0x80 Drivers/STM32F4xx_HAL_Driver/Src/stm32f4xx_hal_rcc.o
 .comment       0x0000007f       0x80 Drivers/STM32F4xx_HAL_Driver/Src/stm32f4xx_hal_tim.o
 .comment       0x0000007f       0x80 Drivers/STM32F4xx_HAL_Driver/Src/stm32f4xx_hal_tim_ex.o
 .comment       0x0000007f       0x80 Inc/pid_lib/pidlib.o
 .comment       0x0000007f       0x80 Inc/qn_lib/q7lib.o
 .comment       0x0000007f       0x80 Src/main.o
 .comment       0x0000007f       0x80 Src/portMCU.o
 .comment       0x0000007f       0x80 Src/stm32f4xx_hal_msp.o
 .comment       0x0000007f       0x80 Src/stm32f4xx_it.o
 .comment       0x0000007f       0x80 Src/system_stm32f4xx.o

.debug_frame    0x00000000     0x30d8
 .debug_frame   0x00000000      0x33c Drivers/STM32F4xx_HAL_Driver/Src/stm32f4xx_hal.o
 .debug_frame   0x0000033c      0x3fc Drivers/STM32F4xx_HAL_Driver/Src/stm32f4xx_hal_adc.o
 .debug_frame   0x00000738      0x250 Drivers/STM32F4xx_HAL_Driver/Src/stm32f4xx_hal_adc_ex.o
 .debug_frame   0x00000988      0x498 Drivers/STM32F4xx_HAL_Driver/Src/stm32f4xx_hal_cortex.o
 .debug_frame   0x00000e20      0x250 Drivers/STM32F4xx_HAL_Driver/Src/stm32f4xx_hal_dma.o
 .debug_frame   0x00001070      0x14c Drivers/STM32F4xx_HAL_Driver/Src/stm32f4xx_hal_gpio.o
 .debug_frame   0x000011bc      0x1f0 Drivers/STM32F4xx_HAL_Driver/Src/stm32f4xx_hal_rcc.o
 .debug_frame   0x000013ac      0xfb4 Drivers/STM32F4xx_HAL_Driver/Src/stm32f4xx_hal_tim.o
 .debug_frame   0x00002360      0x574 Drivers/STM32F4xx_HAL_Driver/Src/stm32f4xx_hal_tim_ex.o
 .debug_frame   0x000028d4       0x80 Inc/pid_lib/pidlib.o
 .debug_frame   0x00002954       0xd8 Inc/qn_lib/q7lib.o
 .debug_frame   0x00002a2c      0x12c Src/main.o
 .debug_frame   0x00002b58      0x100 Src/portMCU.o
 .debug_frame   0x00002c58      0x134 Src/stm32f4xx_hal_msp.o
 .debug_frame   0x00002d8c      0x128 Src/stm32f4xx_it.o
 .debug_frame   0x00002eb4       0x58 Src/system_stm32f4xx.o
 .debug_frame   0x00002f0c       0xac c:/ac6/systemworkbench/plugins/fr.ac6.mcu.externaltools.arm-none.win32_1.17.0.201812190825/tools/compiler/bin/../lib/gcc/arm-none-eabi/7.3.1/thumb/v7e-m/fpv4-sp/hard\libgcc.a(_arm_addsubdf3.o)
 .debug_frame   0x00002fb8       0x50 c:/ac6/systemworkbench/plugins/fr.ac6.mcu.externaltools.arm-none.win32_1.17.0.201812190825/tools/compiler/bin/../lib/gcc/arm-none-eabi/7.3.1/thumb/v7e-m/fpv4-sp/hard\libgcc.a(_arm_muldivdf3.o)
 .debug_frame   0x00003008       0x24 c:/ac6/systemworkbench/plugins/fr.ac6.mcu.externaltools.arm-none.win32_1.17.0.201812190825/tools/compiler/bin/../lib/gcc/arm-none-eabi/7.3.1/thumb/v7e-m/fpv4-sp/hard\libgcc.a(_arm_fixdfsi.o)
 .debug_frame   0x0000302c       0x2c c:/ac6/systemworkbench/plugins/fr.ac6.mcu.externaltools.arm-none.win32_1.17.0.201812190825/tools/compiler/bin/../lib/gcc/arm-none-eabi/7.3.1/thumb/v7e-m/fpv4-sp/hard\libgcc.a(_aeabi_uldivmod.o)
 .debug_frame   0x00003058       0x34 c:/ac6/systemworkbench/plugins/fr.ac6.mcu.externaltools.arm-none.win32_1.17.0.201812190825/tools/compiler/bin/../lib/gcc/arm-none-eabi/7.3.1/thumb/v7e-m/fpv4-sp/hard\libgcc.a(_udivmoddi4.o)
 .debug_frame   0x0000308c       0x2c c:/ac6/systemworkbench/plugins/fr.ac6.mcu.externaltools.arm-none.win32_1.17.0.201812190825/tools/compiler/bin/../lib/gcc/arm-none-eabi/7.3.1/../../../../arm-none-eabi/lib/thumb/v7e-m/fpv4-sp/hard\libc_nano.a(lib_a-init.o)
 .debug_frame   0x000030b8       0x20 c:/ac6/systemworkbench/plugins/fr.ac6.mcu.externaltools.arm-none.win32_1.17.0.201812190825/tools/compiler/bin/../lib/gcc/arm-none-eabi/7.3.1/../../../../arm-none-eabi/lib/thumb/v7e-m/fpv4-sp/hard\libc_nano.a(lib_a-memset.o)

.debug_ranges   0x00000000       0x20
 .debug_ranges  0x00000000       0x20 startup/startup_stm32f407xx.o
